Archive member included to satisfy reference by file (symbol)

e:/st/stm32cubeide_1.8.0/stm32cubeide/plugins/com.st.stm32cube.ide.mcu.externaltools.gnu-tools-for-stm32.9-2020-q2-update.win32_2.0.0.202105311346/tools/bin/../lib/gcc/arm-none-eabi/9.3.1/../../../../arm-none-eabi/lib/thumb/v7e-m+fp/hard\libc_nano.a(lib_a-errno.o)
                              ./Core/Src/syscalls.o (__errno)
e:/st/stm32cubeide_1.8.0/stm32cubeide/plugins/com.st.stm32cube.ide.mcu.externaltools.gnu-tools-for-stm32.9-2020-q2-update.win32_2.0.0.202105311346/tools/bin/../lib/gcc/arm-none-eabi/9.3.1/../../../../arm-none-eabi/lib/thumb/v7e-m+fp/hard\libc_nano.a(lib_a-exit.o)
                              e:/st/stm32cubeide_1.8.0/stm32cubeide/plugins/com.st.stm32cube.ide.mcu.externaltools.gnu-tools-for-stm32.9-2020-q2-update.win32_2.0.0.202105311346/tools/bin/../lib/gcc/arm-none-eabi/9.3.1/../../../../arm-none-eabi/lib/thumb/v7e-m+fp/hard/crt0.o (exit)
e:/st/stm32cubeide_1.8.0/stm32cubeide/plugins/com.st.stm32cube.ide.mcu.externaltools.gnu-tools-for-stm32.9-2020-q2-update.win32_2.0.0.202105311346/tools/bin/../lib/gcc/arm-none-eabi/9.3.1/../../../../arm-none-eabi/lib/thumb/v7e-m+fp/hard\libc_nano.a(lib_a-impure.o)
                              e:/st/stm32cubeide_1.8.0/stm32cubeide/plugins/com.st.stm32cube.ide.mcu.externaltools.gnu-tools-for-stm32.9-2020-q2-update.win32_2.0.0.202105311346/tools/bin/../lib/gcc/arm-none-eabi/9.3.1/../../../../arm-none-eabi/lib/thumb/v7e-m+fp/hard\libc_nano.a(lib_a-exit.o) (_global_impure_ptr)
e:/st/stm32cubeide_1.8.0/stm32cubeide/plugins/com.st.stm32cube.ide.mcu.externaltools.gnu-tools-for-stm32.9-2020-q2-update.win32_2.0.0.202105311346/tools/bin/../lib/gcc/arm-none-eabi/9.3.1/../../../../arm-none-eabi/lib/thumb/v7e-m+fp/hard\libc_nano.a(lib_a-init.o)
                              e:/st/stm32cubeide_1.8.0/stm32cubeide/plugins/com.st.stm32cube.ide.mcu.externaltools.gnu-tools-for-stm32.9-2020-q2-update.win32_2.0.0.202105311346/tools/bin/../lib/gcc/arm-none-eabi/9.3.1/../../../../arm-none-eabi/lib/thumb/v7e-m+fp/hard/crt0.o (__libc_init_array)
e:/st/stm32cubeide_1.8.0/stm32cubeide/plugins/com.st.stm32cube.ide.mcu.externaltools.gnu-tools-for-stm32.9-2020-q2-update.win32_2.0.0.202105311346/tools/bin/../lib/gcc/arm-none-eabi/9.3.1/../../../../arm-none-eabi/lib/thumb/v7e-m+fp/hard\libc_nano.a(lib_a-memset.o)
                              e:/st/stm32cubeide_1.8.0/stm32cubeide/plugins/com.st.stm32cube.ide.mcu.externaltools.gnu-tools-for-stm32.9-2020-q2-update.win32_2.0.0.202105311346/tools/bin/../lib/gcc/arm-none-eabi/9.3.1/../../../../arm-none-eabi/lib/thumb/v7e-m+fp/hard/crt0.o (memset)
e:/st/stm32cubeide_1.8.0/stm32cubeide/plugins/com.st.stm32cube.ide.mcu.externaltools.gnu-tools-for-stm32.9-2020-q2-update.win32_2.0.0.202105311346/tools/bin/../lib/gcc/arm-none-eabi/9.3.1/../../../../arm-none-eabi/lib/thumb/v7e-m+fp/hard\libc_nano.a(lib_a-sprintf.o)
                              ./Core/Src/main.o (sprintf)
e:/st/stm32cubeide_1.8.0/stm32cubeide/plugins/com.st.stm32cube.ide.mcu.externaltools.gnu-tools-for-stm32.9-2020-q2-update.win32_2.0.0.202105311346/tools/bin/../lib/gcc/arm-none-eabi/9.3.1/../../../../arm-none-eabi/lib/thumb/v7e-m+fp/hard\libc_nano.a(lib_a-nano-svfprintf.o)
                              e:/st/stm32cubeide_1.8.0/stm32cubeide/plugins/com.st.stm32cube.ide.mcu.externaltools.gnu-tools-for-stm32.9-2020-q2-update.win32_2.0.0.202105311346/tools/bin/../lib/gcc/arm-none-eabi/9.3.1/../../../../arm-none-eabi/lib/thumb/v7e-m+fp/hard\libc_nano.a(lib_a-sprintf.o) (_svfprintf_r)
e:/st/stm32cubeide_1.8.0/stm32cubeide/plugins/com.st.stm32cube.ide.mcu.externaltools.gnu-tools-for-stm32.9-2020-q2-update.win32_2.0.0.202105311346/tools/bin/../lib/gcc/arm-none-eabi/9.3.1/../../../../arm-none-eabi/lib/thumb/v7e-m+fp/hard\libc_nano.a(lib_a-nano-vfprintf_i.o)
                              e:/st/stm32cubeide_1.8.0/stm32cubeide/plugins/com.st.stm32cube.ide.mcu.externaltools.gnu-tools-for-stm32.9-2020-q2-update.win32_2.0.0.202105311346/tools/bin/../lib/gcc/arm-none-eabi/9.3.1/../../../../arm-none-eabi/lib/thumb/v7e-m+fp/hard\libc_nano.a(lib_a-nano-svfprintf.o) (_printf_i)
e:/st/stm32cubeide_1.8.0/stm32cubeide/plugins/com.st.stm32cube.ide.mcu.externaltools.gnu-tools-for-stm32.9-2020-q2-update.win32_2.0.0.202105311346/tools/bin/../lib/gcc/arm-none-eabi/9.3.1/../../../../arm-none-eabi/lib/thumb/v7e-m+fp/hard\libc_nano.a(lib_a-memchr.o)
                              e:/st/stm32cubeide_1.8.0/stm32cubeide/plugins/com.st.stm32cube.ide.mcu.externaltools.gnu-tools-for-stm32.9-2020-q2-update.win32_2.0.0.202105311346/tools/bin/../lib/gcc/arm-none-eabi/9.3.1/../../../../arm-none-eabi/lib/thumb/v7e-m+fp/hard\libc_nano.a(lib_a-nano-svfprintf.o) (memchr)
e:/st/stm32cubeide_1.8.0/stm32cubeide/plugins/com.st.stm32cube.ide.mcu.externaltools.gnu-tools-for-stm32.9-2020-q2-update.win32_2.0.0.202105311346/tools/bin/../lib/gcc/arm-none-eabi/9.3.1/../../../../arm-none-eabi/lib/thumb/v7e-m+fp/hard\libc_nano.a(lib_a-memcpy-stub.o)
[...]
Memory Configuration

Name             Origin             Length             Attributes
CCMRAM           0x0000000010000000 0x0000000000010000 xrw
RAM              0x0000000020000000 0x0000000000020000 xrw
FLASH            0x0000000008000000 0x0000000000100000 xr
*default*        0x0000000000000000 0xffffffffffffffff

Linker script and memory map

LOAD e:/st/stm32cubeide_1.8.0/stm32cubeide/plugins/com.st.stm32cube.ide.mcu.externaltools.gnu-tools-for-stm32.9-2020-q2-update.win32_2.0.0.202105311346/tools/bin/../lib/gcc/arm-none-eabi/9.3.1/thumb/v7e-m+fp/hard/crti.o
LOAD e:/st/stm32cubeide_1.8.0/stm32cubeide/plugins/com.st.stm32cube.ide.mcu.externaltools.gnu-tools-for-stm32.9-2020-q2-update.win32_2.0.0.202105311346/tools/bin/../lib/gcc/arm-none-eabi/9.3.1/thumb/v7e-m+fp/hard/crtbegin.o
LOAD e:/st/stm32cubeide_1.8.0/stm32cubeide/plugins/com.st.stm32cube.ide.mcu.externaltools.gnu-tools-for-stm32.9-2020-q2-update.win32_2.0.0.202105311346/tools/bin/../lib/gcc/arm-none-eabi/9.3.1/../../../../arm-none-eabi/lib/thumb/v7e-m+fp/hard/crt0.o
LOAD ./Core/Src/can.o
LOAD ./Core/Src/gpio.o
LOAD ./Core/Src/main.o
LOAD ./Core/Src/stm32f4xx_hal_msp.o
LOAD ./Core/Src/stm32f4xx_it.o
LOAD ./Core/Src/syscalls.o
LOAD ./Core/Src/sysmem.o
LOAD ./Core/Src/system_stm32f4xx.o
LOAD ./Core/Src/tim.o
LOAD ./Core/Startup/startup_stm32f407vgtx.o
LOAD ./Drivers/STM32F4xx_HAL_Driver/Src/stm32f4xx_hal.o
LOAD ./Drivers/STM32F4xx_HAL_Driver/Src/stm32f4xx_hal_can.o
LOAD ./Drivers/STM32F4xx_HAL_Driver/Src/stm32f4xx_hal_cortex.o
LOAD ./Drivers/STM32F4xx_HAL_Driver/Src/stm32f4xx_hal_dma.o
LOAD ./Drivers/STM32F4xx_HAL_Driver/Src/stm32f4xx_hal_dma_ex.o
LOAD ./Drivers/STM32F4xx_HAL_Driver/Src/stm32f4xx_hal_exti.o
LOAD ./Drivers/STM32F4xx_HAL_Driver/Src/stm32f4xx_hal_flash.o
LOAD ./Drivers/STM32F4xx_HAL_Driver/Src/stm32f4xx_hal_flash_ex.o
LOAD ./Drivers/STM32F4xx_HAL_Driver/Src/stm32f4xx_hal_flash_ramfunc.o
LOAD ./Drivers/STM32F4xx_HAL_Driver/Src/stm32f4xx_hal_gpio.o
LOAD ./Drivers/STM32F4xx_HAL_Driver/Src/stm32f4xx_hal_pcd.o
LOAD ./Drivers/STM32F4xx_HAL_Driver/Src/stm32f4xx_hal_pcd_ex.o
LOAD ./Drivers/STM32F4xx_HAL_Driver/Src/stm32f4xx_hal_pwr.o
LOAD ./Drivers/STM32F4xx_HAL_Driver/Src/stm32f4xx_hal_pwr_ex.o
LOAD ./Drivers/STM32F4xx_HAL_Driver/Src/stm32f4xx_hal_rcc.o
LOAD ./Drivers/STM32F4xx_HAL_Driver/Src/stm32f4xx_hal_rcc_ex.o
LOAD ./Drivers/STM32F4xx_HAL_Driver/Src/stm32f4xx_hal_tim.o
LOAD ./Drivers/STM32F4xx_HAL_Driver/Src/stm32f4xx_hal_tim_ex.o
LOAD ./Drivers/STM32F4xx_HAL_Driver/Src/stm32f4xx_ll_usb.o
LOAD ./Middlewares/ST/STM32_USB_Device_Library/Class/CDC/Src/usbd_cdc.o
LOAD ./Middlewares/ST/STM32_USB_Device_Library/Core/Src/usbd_core.o
LOAD ./Middlewares/ST/STM32_USB_Device_Library/Core/Src/usbd_ctlreq.o
LOAD ./Middlewares/ST/STM32_USB_Device_Library/Core/Src/usbd_ioreq.o
LOAD ./USB_DEVICE/App/usb_device.o
LOAD ./USB_DEVICE/App/usbd_cdc_if.o
LOAD ./USB_DEVICE/App/usbd_desc.o
LOAD ./USB_DEVICE/Target/usbd_conf.o
START GROUP
LOAD e:/st/stm32cubeide_1.8.0/stm32cubeide/plugins/com.st.stm32cube.ide.mcu.externaltools.gnu-tools-for-stm32.9-2020-q2-update.win32_2.0.0.202105311346/tools/bin/../lib/gcc/arm-none-eabi/9.3.1/../../../../arm-none-eabi/lib/thumb/v7e-m+fp/hard\libc_nano.a
LOAD e:/st/stm32cubeide_1.8.0/stm32cubeide/plugins/com.st.stm32cube.ide.mcu.externaltools.gnu-tools-for-stm32.9-2020-q2-update.win32_2.0.0.202105311346/tools/bin/../lib/gcc/arm-none-eabi/9.3.1/../../../../arm-none-eabi/lib/thumb/v7e-m+fp/hard\libm.a
END GROUP
START GROUP
LOAD e:/st/stm32cubeide_1.8.0/stm32cubeide/plugins/com.st.stm32cube.ide.mcu.externaltools.gnu-tools-for-stm32.9-2020-q2-update.win32_2.0.0.202105311346/tools/bin/../lib/gcc/arm-none-eabi/9.3.1/thumb/v7e-m+fp/hard\libgcc.a
LOAD e:/st/stm32cubeide_1.8.0/stm32cubeide/plugins/com.st.stm32cube.ide.mcu.externaltools.gnu-tools-for-stm32.9-2020-q2-update.win32_2.0.0.202105311346/tools/bin/../lib/gcc/arm-none-eabi/9.3.1/../../../../arm-none-eabi/lib/thumb/v7e-m+fp/hard\libc_nano.a
END GROUP
START GROUP
LOAD e:/st/stm32cubeide_1.8.0/stm32cubeide/plugins/com.st.stm32cube.ide.mcu.externaltools.gnu-tools-for-stm32.9-2020-q2-update.win32_2.0.0.202105311346/tools/bin/../lib/gcc/arm-none-eabi/9.3.1/thumb/v7e-m+fp/hard\libgcc.a
LOAD e:/st/stm32cubeide_1.8.0/stm32cubeide/plugins/com.st.stm32cube.ide.mcu.externaltools.gnu-tools-for-stm32.9-2020-q2-update.win32_2.0.0.202105311346/tools/bin/../lib/gcc/arm-none-eabi/9.3.1/../../../../arm-none-eabi/lib/thumb/v7e-m+fp/hard\libc_nano.a
LOAD e:/st/stm32cubeide_1.8.0/stm32cubeide/plugins/com.st.stm32cube.ide.mcu.externaltools.gnu-tools-for-stm32.9-2020-q2-update.win32_2.0.0.202105311346/tools/bin/../lib/gcc/arm-none-eabi/9.3.1/../../../../arm-none-eabi/lib/thumb/v7e-m+fp/hard\libnosys.a
END GROUP
START GROUP
LOAD e:/st/stm32cubeide_1.8.0/stm32cubeide/plugins/com.st.stm32cube.ide.mcu.externaltools.gnu-tools-for-stm32.9-2020-q2-update.win32_2.0.0.202105311346/tools/bin/../lib/gcc/arm-none-eabi/9.3.1/thumb/v7e-m+fp/hard\libgcc.a
LOAD e:/st/stm32cubeide_1.8.0/stm32cubeide/plugins/com.st.stm32cube.ide.mcu.externaltools.gnu-tools-for-stm32.9-2020-q2-update.win32_2.0.0.202105311346/tools/bin/../lib/gcc/arm-none-eabi/9.3.1/../../../../arm-none-eabi/lib/thumb/v7e-m+fp/hard\libc_nano.a
LOAD e:/st/stm32cubeide_1.8.0/stm32cubeide/plugins/com.st.stm32cube.ide.mcu.externaltools.gnu-tools-for-stm32.9-2020-q2-update.win32_2.0.0.202105311346/tools/bin/../lib/gcc/arm-none-eabi/9.3.1/../../../../arm-none-eabi/lib/thumb/v7e-m+fp/hard\libnosys.a
END GROUP
LOAD e:/st/stm32cubeide_1.8.0/stm32cubeide/plugins/com.st.stm32cube.ide.mcu.externaltools.gnu-tools-for-stm32.9-2020-q2-update.win32_2.0.0.202105311346/tools/bin/../lib/gcc/arm-none-eabi/9.3.1/thumb/v7e-m+fp/hard/crtend.o
LOAD e:/st/stm32cubeide_1.8.0/stm32cubeide/plugins/com.st.stm32cube.ide.mcu.externaltools.gnu-tools-for-stm32.9-2020-q2-update.win32_2.0.0.202105311346/tools/bin/../lib/gcc/arm-none-eabi/9.3.1/thumb/v7e-m+fp/hard/crtn.o
                0x0000000020020000                _estack = (ORIGIN (RAM) + LENGTH (RAM))
                0x0000000000000200                _Min_Heap_Size = 0x200
                0x0000000000000400                _Min_Stack_Size = 0x400

.isr_vector     0x0000000008000000      0x188
                0x0000000008000000                . = ALIGN (0x4)
 *(.isr_vector)
 .isr_vector    0x0000000008000000      0x188 ./Core/Startup/startup_stm32f407vgtx.o
                0x0000000008000000                g_pfnVectors
                0x0000000008000188                . = ALIGN (0x4)

.text           0x0000000008000190     0x8ff8
                0x0000000008000190                . = ALIGN (0x4)
 *(.text)
 .text          0x0000000008000190       0x40 e:/st/stm32cubeide_1.8.0/stm32cubeide/plugins/com.st.stm32cube.ide.mcu.externaltools.gnu-tools-for-stm32.9-2020-q2-update.win32_2.0.0.202105311346/tools/bin/../lib/gcc/arm-none-eabi/9.3.1/thumb/v7e-m+fp/hard/crtbegin.o
 .text          0x00000000080001d0       0xa0 e:/st/stm32cubeide_1.8.0/stm32cubeide/plugins/com.st.stm32cube.ide.mcu.externaltools.gnu-tools-for-stm32.9-2020-q2-update.win32_2.0.0.202105311346/tools/bin/../lib/gcc/arm-none-eabi/9.3.1/../../../../arm-none-eabi/lib/thumb/v7e-m+fp/hard\libc_nano.a(lib_a-memchr.o)
                0x00000000080001d0                memchr
 .text          0x0000000008000270       0x30 e:/st/stm32cubeide_1.8.0/stm32cubeide/plugins/com.st.stm32cube.ide.mcu.externaltools.gnu-tools-for-stm32.9-2020-q2-update.win32_2.0.0.202105311346/tools/bin/../lib/gcc/arm-none-eabi/9.3.1/thumb/v7e-m+fp/hard\libgcc.a(_aeabi_uldivmod.o)
                0x0000000008000270                __aeabi_uldivmod
 .text          0x00000000080002a0      0x2c4 e:/st/stm32cubeide_1.8.0/stm32cubeide/plugins/com.st.stm32cube.ide.mcu.externaltools.gnu-tools-for-stm32.9-2020-q2-update.win32_2.0.0.202105311346/tools/bin/../lib/gcc/arm-none-eabi/9.3.1/thumb/v7e-m+fp/hard\libgcc.a(_udivmoddi4.o)
                0x00000000080002a0                __udivmoddi4
 .text          0x0000000008000564        0x4 e:/st/stm32cubeide_1.8.0/stm32cubeide/plugins/com.st.stm32cube.ide.mcu.externaltools.gnu-tools-for-stm32.9-2020-q2-update.win32_2.0.0.202105311346/tools/bin/../lib/gcc/arm-none-eabi/9.3.1/thumb/v7e-m+fp/hard\libgcc.a(_dvmd_tls.o)
                0x0000000008000564                __aeabi_idiv0
                0x0000000008000564                __aeabi_ldiv0
 *(.text*)
 .text.MX_CAN1_Init
                0x0000000008000568       0x6c ./Core/Src/can.o
                0x0000000008000568                MX_CAN1_Init
 .text.HAL_CAN_MspInit
                0x00000000080005d4       0xa0 ./Core/Src/can.o
                0x00000000080005d4                HAL_CAN_MspInit
 .text.HAL_CAN_MspDeInit
                0x0000000008000674       0x40 ./Core/Src/can.o
                0x0000000008000674                HAL_CAN_MspDeInit
 .text.MX_GPIO_Init
                0x00000000080006b4      0x280 ./Core/Src/gpio.o
                0x00000000080006b4                MX_GPIO_Init
 .text.HAL_CAN_RxFifo0MsgPendingCallback
                0x0000000008000934      0x13c ./Core/Src/main.o
                0x0000000008000934                HAL_CAN_RxFifo0MsgPendingCallback
 .text.HexToHalfByte
                0x0000000008000a70       0x54 ./Core/Src/main.o
                0x0000000008000a70                HexToHalfByte
 .text.IsHex    0x0000000008000ac4       0x40 ./Core/Src/main.o
                0x0000000008000ac4                IsHex
 .text.HexToByte
                0x0000000008000b04       0x76 ./Core/Src/main.o
                0x0000000008000b04                HexToByte
 .text.FindSymbol
                0x0000000008000b7a       0x46 ./Core/Src/main.o
                0x0000000008000b7a                FindSymbol
 .text.CDC_Receive
                0x0000000008000bc0      0x500 ./Core/Src/main.o
                0x0000000008000bc0                CDC_Receive
 .text.main     0x00000000080010c0       0xa8 ./Core/Src/main.o
                0x00000000080010c0                main
 .text.SystemClock_Config
                0x0000000008001168       0xd0 ./Core/Src/main.o
                0x0000000008001168                SystemClock_Config
 .text.Error_Handler
                0x0000000008001238        0xa ./Core/Src/main.o
                0x0000000008001238                Error_Handler
 *fill*         0x0000000008001242        0x2 
 .text.HAL_MspInit
                0x0000000008001244       0x50 ./Core/Src/stm32f4xx_hal_msp.o
                0x0000000008001244                HAL_MspInit
 .text.NMI_Handler
                0x0000000008001294        0x6 ./Core/Src/stm32f4xx_it.o
                0x0000000008001294                NMI_Handler
 .text.HardFault_Handler
                0x000000000800129a        0x6 ./Core/Src/stm32f4xx_it.o
                0x000000000800129a                HardFault_Handler
 .text.MemManage_Handler
                0x00000000080012a0        0x6 ./Core/Src/stm32f4xx_it.o
                0x00000000080012a0                MemManage_Handler
 .text.BusFault_Handler
                0x00000000080012a6        0x6 ./Core/Src/stm32f4xx_it.o
                0x00000000080012a6                BusFault_Handler
 .text.UsageFault_Handler
                0x00000000080012ac        0x6 ./Core/Src/stm32f4xx_it.o
                0x00000000080012ac                UsageFault_Handler
 .text.SVC_Handler
                0x00000000080012b2        0xe ./Core/Src/stm32f4xx_it.o
                0x00000000080012b2                SVC_Handler
 .text.DebugMon_Handler
                0x00000000080012c0        0xe ./Core/Src/stm32f4xx_it.o
                0x00000000080012c0                DebugMon_Handler
 .text.PendSV_Handler
                0x00000000080012ce        0xe ./Core/Src/stm32f4xx_it.o
                0x00000000080012ce                PendSV_Handler
 .text.SysTick_Handler
                0x00000000080012dc        0xc ./Core/Src/stm32f4xx_it.o
                0x00000000080012dc                SysTick_Handler
 .text.CAN1_RX0_IRQHandler
                0x00000000080012e8       0x14 ./Core/Src/stm32f4xx_it.o
                0x00000000080012e8                CAN1_RX0_IRQHandler
 .text.OTG_FS_IRQHandler
                0x00000000080012fc       0x14 ./Core/Src/stm32f4xx_it.o
                0x00000000080012fc                OTG_FS_IRQHandler
 .text._sbrk    0x0000000008001310       0x6c ./Core/Src/sysmem.o
                0x0000000008001310                _sbrk
 .text.SystemInit
                0x000000000800137c       0x24 ./Core/Src/system_stm32f4xx.o
                0x000000000800137c                SystemInit
 .text.MX_TIM5_Init
                0x00000000080013a0       0x9c ./Core/Src/tim.o
                0x00000000080013a0                MX_TIM5_Init
 .text.HAL_TIM_Base_MspInit
                0x000000000800143c       0x44 ./Core/Src/tim.o
                0x000000000800143c                HAL_TIM_Base_MspInit
 .text.Reset_Handler
                0x0000000008001480       0x50 ./Core/Startup/startup_stm32f407vgtx.o
                0x0000000008001480                Reset_Handler
 .text.Default_Handler
                0x00000000080014d0        0x2 ./Core/Startup/startup_stm32f407vgtx.o
                0x00000000080014d0                RTC_Alarm_IRQHandler
                0x00000000080014d0                HASH_RNG_IRQHandler
                0x00000000080014d0                EXTI2_IRQHandler
                0x00000000080014d0                TIM8_CC_IRQHandler
                0x00000000080014d0                TIM1_CC_IRQHandler
                0x00000000080014d0                DMA2_Stream5_IRQHandler
                0x00000000080014d0                DMA1_Stream5_IRQHandler
                0x00000000080014d0                PVD_IRQHandler
                0x00000000080014d0                SDIO_IRQHandler
                0x00000000080014d0                TAMP_STAMP_IRQHandler
                0x00000000080014d0                CAN2_RX1_IRQHandler
                0x00000000080014d0                EXTI3_IRQHandler
                0x00000000080014d0                TIM8_TRG_COM_TIM14_IRQHandler
                0x00000000080014d0                TIM1_UP_TIM10_IRQHandler
                0x00000000080014d0                TIM8_UP_TIM13_IRQHandler
                0x00000000080014d0                I2C3_ER_IRQHandler
                0x00000000080014d0                EXTI0_IRQHandler
                0x00000000080014d0                I2C2_EV_IRQHandler
                0x00000000080014d0                DMA1_Stream2_IRQHandler
                0x00000000080014d0                FPU_IRQHandler
                0x00000000080014d0                OTG_HS_WKUP_IRQHandler
                0x00000000080014d0                CAN2_SCE_IRQHandler
                0x00000000080014d0                DMA2_Stream2_IRQHandler
                0x00000000080014d0                SPI1_IRQHandler
                0x00000000080014d0                TIM6_DAC_IRQHandler
                0x00000000080014d0                TIM1_BRK_TIM9_IRQHandler
                0x00000000080014d0                DCMI_IRQHandler
                0x00000000080014d0                CAN2_RX0_IRQHandler
                0x00000000080014d0                DMA2_Stream3_IRQHandler
                0x00000000080014d0                USART6_IRQHandler
                0x00000000080014d0                USART3_IRQHandler
                0x00000000080014d0                CAN1_RX1_IRQHandler
                0x00000000080014d0                UART5_IRQHandler
                0x00000000080014d0                DMA2_Stream0_IRQHandler
                0x00000000080014d0                TIM4_IRQHandler
                0x00000000080014d0                I2C1_EV_IRQHandler
                0x00000000080014d0                DMA1_Stream6_IRQHandler
                0x00000000080014d0                DMA1_Stream1_IRQHandler
                0x00000000080014d0                UART4_IRQHandler
                0x00000000080014d0                TIM3_IRQHandler
                0x00000000080014d0                RCC_IRQHandler
                0x00000000080014d0                TIM8_BRK_TIM12_IRQHandler
                0x00000000080014d0                Default_Handler
                0x00000000080014d0                EXTI15_10_IRQHandler
                0x00000000080014d0                ADC_IRQHandler
                0x00000000080014d0                DMA1_Stream7_IRQHandler
                0x00000000080014d0                TIM7_IRQHandler
                0x00000000080014d0                CAN2_TX_IRQHandler
                0x00000000080014d0                TIM5_IRQHandler
                0x00000000080014d0                DMA2_Stream7_IRQHandler
                0x00000000080014d0                I2C3_EV_IRQHandler
                0x00000000080014d0                EXTI9_5_IRQHandler
                0x00000000080014d0                RTC_WKUP_IRQHandler
                0x00000000080014d0                ETH_WKUP_IRQHandler
                0x00000000080014d0                SPI2_IRQHandler
                0x00000000080014d0                OTG_HS_EP1_IN_IRQHandler
                0x00000000080014d0                DMA1_Stream0_IRQHandler
                0x00000000080014d0                CAN1_TX_IRQHandler
                0x00000000080014d0                EXTI4_IRQHandler
                0x00000000080014d0                FSMC_IRQHandler
                0x00000000080014d0                ETH_IRQHandler
                0x00000000080014d0                OTG_HS_EP1_OUT_IRQHandler
                0x00000000080014d0                WWDG_IRQHandler
                0x00000000080014d0                TIM2_IRQHandler
                0x00000000080014d0                OTG_FS_WKUP_IRQHandler
                0x00000000080014d0                TIM1_TRG_COM_TIM11_IRQHandler
                0x00000000080014d0                OTG_HS_IRQHandler
                0x00000000080014d0                EXTI1_IRQHandler
                0x00000000080014d0                USART2_IRQHandler
                0x00000000080014d0                I2C2_ER_IRQHandler
                0x00000000080014d0                DMA2_Stream1_IRQHandler
                0x00000000080014d0                CAN1_SCE_IRQHandler
                0x00000000080014d0                FLASH_IRQHandler
                0x00000000080014d0                DMA2_Stream4_IRQHandler
                0x00000000080014d0                USART1_IRQHandler
                0x00000000080014d0                SPI3_IRQHandler
                0x00000000080014d0                DMA1_Stream4_IRQHandler
                0x00000000080014d0                I2C1_ER_IRQHandler
                0x00000000080014d0                DMA2_Stream6_IRQHandler
                0x00000000080014d0                DMA1_Stream3_IRQHandler
 *fill*         0x00000000080014d2        0x2 
 .text.HAL_Init
                0x00000000080014d4       0x44 ./Drivers/STM32F4xx_HAL_Driver/Src/stm32f4xx_hal.o
                0x00000000080014d4                HAL_Init
 .text.HAL_InitTick
                0x0000000008001518       0x60 ./Drivers/STM32F4xx_HAL_Driver/Src/stm32f4xx_hal.o
                0x0000000008001518                HAL_InitTick
 .text.HAL_IncTick
                0x0000000008001578       0x28 ./Drivers/STM32F4xx_HAL_Driver/Src/stm32f4xx_hal.o
                0x0000000008001578                HAL_IncTick
 .text.HAL_GetTick
                0x00000000080015a0       0x18 ./Drivers/STM32F4xx_HAL_Driver/Src/stm32f4xx_hal.o
                0x00000000080015a0                HAL_GetTick
 .text.HAL_Delay
                0x00000000080015b8       0x48 ./Drivers/STM32F4xx_HAL_Driver/Src/stm32f4xx_hal.o
                0x00000000080015b8                HAL_Delay
 .text.HAL_CAN_Init
                0x0000000008001600      0x1f6 ./Drivers/STM32F4xx_HAL_Driver/Src/stm32f4xx_hal_can.o
                0x0000000008001600                HAL_CAN_Init
 .text.HAL_CAN_DeInit
                0x00000000080017f6       0x46 ./Drivers/STM32F4xx_HAL_Driver/Src/stm32f4xx_hal_can.o
                0x00000000080017f6                HAL_CAN_DeInit
 .text.HAL_CAN_ConfigFilter
                0x000000000800183c      0x1c0 ./Drivers/STM32F4xx_HAL_Driver/Src/stm32f4xx_hal_can.o
                0x000000000800183c                HAL_CAN_ConfigFilter
 .text.HAL_CAN_Start
                0x00000000080019fc       0x88 ./Drivers/STM32F4xx_HAL_Driver/Src/stm32f4xx_hal_can.o
                0x00000000080019fc                HAL_CAN_Start
 .text.HAL_CAN_Stop
                0x0000000008001a84       0x92 ./Drivers/STM32F4xx_HAL_Driver/Src/stm32f4xx_hal_can.o
                0x0000000008001a84                HAL_CAN_Stop
 .text.HAL_CAN_AddTxMessage
                0x0000000008001b16      0x1b6 ./Drivers/STM32F4xx_HAL_Driver/Src/stm32f4xx_hal_can.o
                0x0000000008001b16                HAL_CAN_AddTxMessage
 .text.HAL_CAN_GetTxMailboxesFreeLevel
                0x0000000008001ccc       0x6a ./Drivers/STM32F4xx_HAL_Driver/Src/stm32f4xx_hal_can.o
                0x0000000008001ccc                HAL_CAN_GetTxMailboxesFreeLevel
 .text.HAL_CAN_GetRxMessage
                0x0000000008001d36      0x224 ./Drivers/STM32F4xx_HAL_Driver/Src/stm32f4xx_hal_can.o
                0x0000000008001d36                HAL_CAN_GetRxMessage
 .text.HAL_CAN_ActivateNotification
                0x0000000008001f5a       0x4c ./Drivers/STM32F4xx_HAL_Driver/Src/stm32f4xx_hal_can.o
                0x0000000008001f5a                HAL_CAN_ActivateNotification
 .text.HAL_CAN_IRQHandler
                0x0000000008001fa6      0x36e ./Drivers/STM32F4xx_HAL_Driver/Src/stm32f4xx_hal_can.o
                0x0000000008001fa6                HAL_CAN_IRQHandler
 .text.HAL_CAN_TxMailbox0CompleteCallback
                0x0000000008002314       0x14 ./Drivers/STM32F4xx_HAL_Driver/Src/stm32f4xx_hal_can.o
                0x0000000008002314                HAL_CAN_TxMailbox0CompleteCallback
 .text.HAL_CAN_TxMailbox1CompleteCallback
                0x0000000008002328       0x14 ./Drivers/STM32F4xx_HAL_Driver/Src/stm32f4xx_hal_can.o
                0x0000000008002328                HAL_CAN_TxMailbox1CompleteCallback
 .text.HAL_CAN_TxMailbox2CompleteCallback
                0x000000000800233c       0x14 ./Drivers/STM32F4xx_HAL_Driver/Src/stm32f4xx_hal_can.o
                0x000000000800233c                HAL_CAN_TxMailbox2CompleteCallback
 .text.HAL_CAN_TxMailbox0AbortCallback
                0x0000000008002350       0x14 ./Drivers/STM32F4xx_HAL_Driver/Src/stm32f4xx_hal_can.o
                0x0000000008002350                HAL_CAN_TxMailbox0AbortCallback
 .text.HAL_CAN_TxMailbox1AbortCallback
                0x0000000008002364       0x14 ./Drivers/STM32F4xx_HAL_Driver/Src/stm32f4xx_hal_can.o
                0x0000000008002364                HAL_CAN_TxMailbox1AbortCallback
 .text.HAL_CAN_TxMailbox2AbortCallback
                0x0000000008002378       0x14 ./Drivers/STM32F4xx_HAL_Driver/Src/stm32f4xx_hal_can.o
                0x0000000008002378                HAL_CAN_TxMailbox2AbortCallback
 .text.HAL_CAN_RxFifo0FullCallback
                0x000000000800238c       0x14 ./Drivers/STM32F4xx_HAL_Driver/Src/stm32f4xx_hal_can.o
                0x000000000800238c                HAL_CAN_RxFifo0FullCallback
 .text.HAL_CAN_RxFifo1MsgPendingCallback
                0x00000000080023a0       0x14 ./Drivers/STM32F4xx_HAL_Driver/Src/stm32f4xx_hal_can.o
                0x00000000080023a0                HAL_CAN_RxFifo1MsgPendingCallback
 .text.HAL_CAN_RxFifo1FullCallback
                0x00000000080023b4       0x14 ./Drivers/STM32F4xx_HAL_Driver/Src/stm32f4xx_hal_can.o
                0x00000000080023b4                HAL_CAN_RxFifo1FullCallback
 .text.HAL_CAN_SleepCallback
                0x00000000080023c8       0x14 ./Drivers/STM32F4xx_HAL_Driver/Src/stm32f4xx_hal_can.o
                0x00000000080023c8                HAL_CAN_SleepCallback
 .text.HAL_CAN_WakeUpFromRxMsgCallback
                0x00000000080023dc       0x14 ./Drivers/STM32F4xx_HAL_Driver/Src/stm32f4xx_hal_can.o
                0x00000000080023dc                HAL_CAN_WakeUpFromRxMsgCallback
 .text.HAL_CAN_ErrorCallback
                0x00000000080023f0       0x14 ./Drivers/STM32F4xx_HAL_Driver/Src/stm32f4xx_hal_can.o
                0x00000000080023f0                HAL_CAN_ErrorCallback
 .text.__NVIC_SetPriorityGrouping
                0x0000000008002404       0x48 ./Drivers/STM32F4xx_HAL_Driver/Src/stm32f4xx_hal_cortex.o
 .text.__NVIC_GetPriorityGrouping
                0x000000000800244c       0x1c ./Drivers/STM32F4xx_HAL_Driver/Src/stm32f4xx_hal_cortex.o
 .text.__NVIC_EnableIRQ
                0x0000000008002468       0x3c ./Drivers/STM32F4xx_HAL_Driver/Src/stm32f4xx_hal_cortex.o
 .text.__NVIC_DisableIRQ
                0x00000000080024a4       0x48 ./Drivers/STM32F4xx_HAL_Driver/Src/stm32f4xx_hal_cortex.o
 .text.__NVIC_SetPriority
                0x00000000080024ec       0x54 ./Drivers/STM32F4xx_HAL_Driver/Src/stm32f4xx_hal_cortex.o
 .text.NVIC_EncodePriority
                0x0000000008002540       0x66 ./Drivers/STM32F4xx_HAL_Driver/Src/stm32f4xx_hal_cortex.o
 *fill*         0x00000000080025a6        0x2 
 .text.SysTick_Config
                0x00000000080025a8       0x44 ./Drivers/STM32F4xx_HAL_Driver/Src/stm32f4xx_hal_cortex.o
 .text.HAL_NVIC_SetPriorityGrouping
                0x00000000080025ec       0x16 ./Drivers/STM32F4xx_HAL_Driver/Src/stm32f4xx_hal_cortex.o
                0x00000000080025ec                HAL_NVIC_SetPriorityGrouping
 .text.HAL_NVIC_SetPriority
                0x0000000008002602       0x38 ./Drivers/STM32F4xx_HAL_Driver/Src/stm32f4xx_hal_cortex.o
                0x0000000008002602                HAL_NVIC_SetPriority
 .text.HAL_NVIC_EnableIRQ
                0x000000000800263a       0x1c ./Drivers/STM32F4xx_HAL_Driver/Src/stm32f4xx_hal_cortex.o
                0x000000000800263a                HAL_NVIC_EnableIRQ
 .text.HAL_NVIC_DisableIRQ
                0x0000000008002656       0x1c ./Drivers/STM32F4xx_HAL_Driver/Src/stm32f4xx_hal_cortex.o
                0x0000000008002656                HAL_NVIC_DisableIRQ
 .text.HAL_SYSTICK_Config
                0x0000000008002672       0x18 ./Drivers/STM32F4xx_HAL_Driver/Src/stm32f4xx_hal_cortex.o
                0x0000000008002672                HAL_SYSTICK_Config
 *fill*         0x000000000800268a        0x2 
 .text.HAL_GPIO_Init
                0x000000000800268c      0x338 ./Drivers/STM32F4xx_HAL_Driver/Src/stm32f4xx_hal_gpio.o
                0x000000000800268c                HAL_GPIO_Init
 .text.HAL_GPIO_DeInit
                0x00000000080029c4      0x1f8 ./Drivers/STM32F4xx_HAL_Driver/Src/stm32f4xx_hal_gpio.o
                0x00000000080029c4                HAL_GPIO_DeInit
 .text.HAL_GPIO_WritePin
                0x0000000008002bbc       0x32 ./Drivers/STM32F4xx_HAL_Driver/Src/stm32f4xx_hal_gpio.o
                0x0000000008002bbc                HAL_GPIO_WritePin
 .text.HAL_PCD_Init
                0x0000000008002bee      0x23a ./Drivers/STM32F4xx_HAL_Driver/Src/stm32f4xx_hal_pcd.o
                0x0000000008002bee                HAL_PCD_Init
 .text.HAL_PCD_Start
                0x0000000008002e28       0x66 ./Drivers/STM32F4xx_HAL_Driver/Src/stm32f4xx_hal_pcd.o
                0x0000000008002e28                HAL_PCD_Start
 .text.HAL_PCD_IRQHandler
                0x0000000008002e8e      0x764 ./Drivers/STM32F4xx_HAL_Driver/Src/stm32f4xx_hal_pcd.o
                0x0000000008002e8e                HAL_PCD_IRQHandler
 .text.HAL_PCD_SetAddress
                0x00000000080035f2       0x4a ./Drivers/STM32F4xx_HAL_Driver/Src/stm32f4xx_hal_pcd.o
                0x00000000080035f2                HAL_PCD_SetAddress
 .text.HAL_PCD_EP_Open
                0x000000000800363c       0xd0 ./Drivers/STM32F4xx_HAL_Driver/Src/stm32f4xx_hal_pcd.o
                0x000000000800363c                HAL_PCD_EP_Open
 .text.HAL_PCD_EP_Close
                0x000000000800370c       0x94 ./Drivers/STM32F4xx_HAL_Driver/Src/stm32f4xx_hal_pcd.o
                0x000000000800370c                HAL_PCD_EP_Close
 .text.HAL_PCD_EP_Receive
                0x00000000080037a0       0x96 ./Drivers/STM32F4xx_HAL_Driver/Src/stm32f4xx_hal_pcd.o
                0x00000000080037a0                HAL_PCD_EP_Receive
 .text.HAL_PCD_EP_GetRxCount
                0x0000000008003836       0x30 ./Drivers/STM32F4xx_HAL_Driver/Src/stm32f4xx_hal_pcd.o
                0x0000000008003836                HAL_PCD_EP_GetRxCount
 .text.HAL_PCD_EP_Transmit
                0x0000000008003866       0x94 ./Drivers/STM32F4xx_HAL_Driver/Src/stm32f4xx_hal_pcd.o
                0x0000000008003866                HAL_PCD_EP_Transmit
 .text.HAL_PCD_EP_SetStall
                0x00000000080038fa       0xc8 ./Drivers/STM32F4xx_HAL_Driver/Src/stm32f4xx_hal_pcd.o
                0x00000000080038fa                HAL_PCD_EP_SetStall
 .text.HAL_PCD_EP_ClrStall
                0x00000000080039c2       0xac ./Drivers/STM32F4xx_HAL_Driver/Src/stm32f4xx_hal_pcd.o
                0x00000000080039c2                HAL_PCD_EP_ClrStall
 .text.PCD_WriteEmptyTxFifo
                0x0000000008003a6e      0x11a ./Drivers/STM32F4xx_HAL_Driver/Src/stm32f4xx_hal_pcd.o
 .text.PCD_EP_OutXfrComplete_int
                0x0000000008003b88      0x218 ./Drivers/STM32F4xx_HAL_Driver/Src/stm32f4xx_hal_pcd.o
 .text.PCD_EP_OutSetupPacket_int
                0x0000000008003da0       0x8c ./Drivers/STM32F4xx_HAL_Driver/Src/stm32f4xx_hal_pcd.o
 .text.HAL_PCDEx_SetTxFiFo
                0x0000000008003e2c       0x8e ./Drivers/STM32F4xx_HAL_Driver/Src/stm32f4xx_hal_pcd_ex.o
                0x0000000008003e2c                HAL_PCDEx_SetTxFiFo
 .text.HAL_PCDEx_SetRxFiFo
                0x0000000008003eba       0x22 ./Drivers/STM32F4xx_HAL_Driver/Src/stm32f4xx_hal_pcd_ex.o
                0x0000000008003eba                HAL_PCDEx_SetRxFiFo
 .text.HAL_PCDEx_LPM_Callback
                0x0000000008003edc       0x18 ./Drivers/STM32F4xx_HAL_Driver/Src/stm32f4xx_hal_pcd_ex.o
                0x0000000008003edc                HAL_PCDEx_LPM_Callback
 .text.HAL_RCC_OscConfig
                0x0000000008003ef4      0x4f0 ./Drivers/STM32F4xx_HAL_Driver/Src/stm32f4xx_hal_rcc.o
                0x0000000008003ef4                HAL_RCC_OscConfig
 .text.HAL_RCC_ClockConfig
                0x00000000080043e4      0x1cc ./Drivers/STM32F4xx_HAL_Driver/Src/stm32f4xx_hal_rcc.o
                0x00000000080043e4                HAL_RCC_ClockConfig
 .text.HAL_RCC_GetSysClockFreq
                0x00000000080045b0      0x1c4 ./Drivers/STM32F4xx_HAL_Driver/Src/stm32f4xx_hal_rcc.o
                0x00000000080045b0                HAL_RCC_GetSysClockFreq
 .text.HAL_RCC_GetHCLKFreq
                0x0000000008004774       0x18 ./Drivers/STM32F4xx_HAL_Driver/Src/stm32f4xx_hal_rcc.o
                0x0000000008004774                HAL_RCC_GetHCLKFreq
 .text.HAL_TIM_Base_Init
                0x000000000800478c       0x9e ./Drivers/STM32F4xx_HAL_Driver/Src/stm32f4xx_hal_tim.o
                0x000000000800478c                HAL_TIM_Base_Init
 *fill*         0x000000000800482a        0x2 
 .text.HAL_TIM_Base_Start
                0x000000000800482c       0xd0 ./Drivers/STM32F4xx_HAL_Driver/Src/stm32f4xx_hal_tim.o
                0x000000000800482c                HAL_TIM_Base_Start
 .text.HAL_TIM_Base_Stop
                0x00000000080048fc       0x4e ./Drivers/STM32F4xx_HAL_Driver/Src/stm32f4xx_hal_tim.o
                0x00000000080048fc                HAL_TIM_Base_Stop
 .text.HAL_TIM_ConfigClockSource
                0x000000000800494a      0x18e ./Drivers/STM32F4xx_HAL_Driver/Src/stm32f4xx_hal_tim.o
                0x000000000800494a                HAL_TIM_ConfigClockSource
 .text.TIM_Base_SetConfig
                0x0000000008004ad8      0x140 ./Drivers/STM32F4xx_HAL_Driver/Src/stm32f4xx_hal_tim.o
                0x0000000008004ad8                TIM_Base_SetConfig
 .text.TIM_TI1_ConfigInputStage
                0x0000000008004c18       0x5e ./Drivers/STM32F4xx_HAL_Driver/Src/stm32f4xx_hal_tim.o
 .text.TIM_TI2_ConfigInputStage
                0x0000000008004c76       0x60 ./Drivers/STM32F4xx_HAL_Driver/Src/stm32f4xx_hal_tim.o
 .text.TIM_ITRx_SetConfig
                0x0000000008004cd6       0x36 ./Drivers/STM32F4xx_HAL_Driver/Src/stm32f4xx_hal_tim.o
 .text.TIM_ETR_SetConfig
                0x0000000008004d0c       0x40 ./Drivers/STM32F4xx_HAL_Driver/Src/stm32f4xx_hal_tim.o
                0x0000000008004d0c                TIM_ETR_SetConfig
 .text.HAL_TIMEx_MasterConfigSynchronization
                0x0000000008004d4c       0xf8 ./Drivers/STM32F4xx_HAL_Driver/Src/stm32f4xx_hal_tim_ex.o
                0x0000000008004d4c                HAL_TIMEx_MasterConfigSynchronization
 .text.USB_CoreInit
                0x0000000008004e44       0xc2 ./Drivers/STM32F4xx_HAL_Driver/Src/stm32f4xx_ll_usb.o
                0x0000000008004e44                USB_CoreInit
 *fill*         0x0000000008004f06        0x2 
 .text.USB_SetTurnaroundTime
                0x0000000008004f08      0x144 ./Drivers/STM32F4xx_HAL_Driver/Src/stm32f4xx_ll_usb.o
                0x0000000008004f08                USB_SetTurnaroundTime
 .text.USB_EnableGlobalInt
                0x000000000800504c       0x22 ./Drivers/STM32F4xx_HAL_Driver/Src/stm32f4xx_ll_usb.o
                0x000000000800504c                USB_EnableGlobalInt
 .text.USB_DisableGlobalInt
                0x000000000800506e       0x22 ./Drivers/STM32F4xx_HAL_Driver/Src/stm32f4xx_ll_usb.o
                0x000000000800506e                USB_DisableGlobalInt
 .text.USB_SetCurrentMode
                0x0000000008005090       0x98 ./Drivers/STM32F4xx_HAL_Driver/Src/stm32f4xx_ll_usb.o
                0x0000000008005090                USB_SetCurrentMode
 .text.USB_DevInit
                0x0000000008005128      0x2c8 ./Drivers/STM32F4xx_HAL_Driver/Src/stm32f4xx_ll_usb.o
                0x0000000008005128                USB_DevInit
 .text.USB_FlushTxFifo
                0x00000000080053f0       0x48 ./Drivers/STM32F4xx_HAL_Driver/Src/stm32f4xx_ll_usb.o
                0x00000000080053f0                USB_FlushTxFifo
 .text.USB_FlushRxFifo
                0x0000000008005438       0x40 ./Drivers/STM32F4xx_HAL_Driver/Src/stm32f4xx_ll_usb.o
                0x0000000008005438                USB_FlushRxFifo
 .text.USB_SetDevSpeed
                0x0000000008005478       0x32 ./Drivers/STM32F4xx_HAL_Driver/Src/stm32f4xx_ll_usb.o
                0x0000000008005478                USB_SetDevSpeed
 .text.USB_GetDevSpeed
                0x00000000080054aa       0x4a ./Drivers/STM32F4xx_HAL_Driver/Src/stm32f4xx_ll_usb.o
                0x00000000080054aa                USB_GetDevSpeed
 .text.USB_ActivateEndpoint
                0x00000000080054f4      0x10e ./Drivers/STM32F4xx_HAL_Driver/Src/stm32f4xx_ll_usb.o
                0x00000000080054f4                USB_ActivateEndpoint
 *fill*         0x0000000008005602        0x2 
 .text.USB_DeactivateEndpoint
                0x0000000008005604      0x1b8 ./Drivers/STM32F4xx_HAL_Driver/Src/stm32f4xx_ll_usb.o
                0x0000000008005604                USB_DeactivateEndpoint
 .text.USB_EPStartXfer
                0x00000000080057bc      0x488 ./Drivers/STM32F4xx_HAL_Driver/Src/stm32f4xx_ll_usb.o
                0x00000000080057bc                USB_EPStartXfer
 .text.USB_EP0StartXfer
                0x0000000008005c44      0x2a6 ./Drivers/STM32F4xx_HAL_Driver/Src/stm32f4xx_ll_usb.o
                0x0000000008005c44                USB_EP0StartXfer
 .text.USB_WritePacket
                0x0000000008005eea       0x7c ./Drivers/STM32F4xx_HAL_Driver/Src/stm32f4xx_ll_usb.o
                0x0000000008005eea                USB_WritePacket
 .text.USB_ReadPacket
                0x0000000008005f66       0xb0 ./Drivers/STM32F4xx_HAL_Driver/Src/stm32f4xx_ll_usb.o
                0x0000000008005f66                USB_ReadPacket
 .text.USB_EPSetStall
                0x0000000008006016       0xdc ./Drivers/STM32F4xx_HAL_Driver/Src/stm32f4xx_ll_usb.o
                0x0000000008006016                USB_EPSetStall
 .text.USB_EPClearStall
                0x00000000080060f2       0xcc ./Drivers/STM32F4xx_HAL_Driver/Src/stm32f4xx_ll_usb.o
                0x00000000080060f2                USB_EPClearStall
 .text.USB_SetDevAddress
                0x00000000080061be       0x4c ./Drivers/STM32F4xx_HAL_Driver/Src/stm32f4xx_ll_usb.o
                0x00000000080061be                USB_SetDevAddress
 .text.USB_DevConnect
                0x000000000800620a       0x42 ./Drivers/STM32F4xx_HAL_Driver/Src/stm32f4xx_ll_usb.o
                0x000000000800620a                USB_DevConnect
 .text.USB_DevDisconnect
                0x000000000800624c       0x42 ./Drivers/STM32F4xx_HAL_Driver/Src/stm32f4xx_ll_usb.o
                0x000000000800624c                USB_DevDisconnect
 .text.USB_ReadInterrupts
                0x000000000800628e       0x26 ./Drivers/STM32F4xx_HAL_Driver/Src/stm32f4xx_ll_usb.o
                0x000000000800628e                USB_ReadInterrupts
 .text.USB_ReadDevAllOutEpInterrupt
                0x00000000080062b4       0x34 ./Drivers/STM32F4xx_HAL_Driver/Src/stm32f4xx_ll_usb.o
                0x00000000080062b4                USB_ReadDevAllOutEpInterrupt
 .text.USB_ReadDevAllInEpInterrupt
                0x00000000080062e8       0x34 ./Drivers/STM32F4xx_HAL_Driver/Src/stm32f4xx_ll_usb.o
                0x00000000080062e8                USB_ReadDevAllInEpInterrupt
 .text.USB_ReadDevOutEPInterrupt
                0x000000000800631c       0x3c ./Drivers/STM32F4xx_HAL_Driver/Src/stm32f4xx_ll_usb.o
                0x000000000800631c                USB_ReadDevOutEPInterrupt
 .text.USB_ReadDevInEPInterrupt
                0x0000000008006358       0x5c ./Drivers/STM32F4xx_HAL_Driver/Src/stm32f4xx_ll_usb.o
                0x0000000008006358                USB_ReadDevInEPInterrupt
 .text.USB_GetMode
                0x00000000080063b4       0x1c ./Drivers/STM32F4xx_HAL_Driver/Src/stm32f4xx_ll_usb.o
                0x00000000080063b4                USB_GetMode
 .text.USB_ActivateSetup
                0x00000000080063d0       0x46 ./Drivers/STM32F4xx_HAL_Driver/Src/stm32f4xx_ll_usb.o
                0x00000000080063d0                USB_ActivateSetup
 *fill*         0x0000000008006416        0x2 
 .text.USB_EP0_OutStart
                0x0000000008006418       0xbc ./Drivers/STM32F4xx_HAL_Driver/Src/stm32f4xx_ll_usb.o
                0x0000000008006418                USB_EP0_OutStart
 .text.USB_CoreReset
                0x00000000080064d4       0x64 ./Drivers/STM32F4xx_HAL_Driver/Src/stm32f4xx_ll_usb.o
 .text.USBD_CDC_Init
                0x0000000008006538       0xfe ./Middlewares/ST/STM32_USB_Device_Library/Class/CDC/Src/usbd_cdc.o
 .text.USBD_CDC_DeInit
                0x0000000008006636       0x74 ./Middlewares/ST/STM32_USB_Device_Library/Class/CDC/Src/usbd_cdc.o
 *fill*         0x00000000080066aa        0x2 
 .text.USBD_CDC_Setup
                0x00000000080066ac      0x190 ./Middlewares/ST/STM32_USB_Device_Library/Class/CDC/Src/usbd_cdc.o
 .text.USBD_CDC_DataIn
                0x000000000800683c       0xca ./Middlewares/ST/STM32_USB_Device_Library/Class/CDC/Src/usbd_cdc.o
 .text.USBD_CDC_DataOut
                0x0000000008006906       0x56 ./Middlewares/ST/STM32_USB_Device_Library/Class/CDC/Src/usbd_cdc.o
 .text.USBD_CDC_EP0_RxReady
                0x000000000800695c       0x5a ./Middlewares/ST/STM32_USB_Device_Library/Class/CDC/Src/usbd_cdc.o
 *fill*         0x00000000080069b6        0x2 
 .text.USBD_CDC_GetFSCfgDesc
                0x00000000080069b8       0x20 ./Middlewares/ST/STM32_USB_Device_Library/Class/CDC/Src/usbd_cdc.o
 .text.USBD_CDC_GetHSCfgDesc
                0x00000000080069d8       0x20 ./Middlewares/ST/STM32_USB_Device_Library/Class/CDC/Src/usbd_cdc.o
 .text.USBD_CDC_GetOtherSpeedCfgDesc
                0x00000000080069f8       0x20 ./Middlewares/ST/STM32_USB_Device_Library/Class/CDC/Src/usbd_cdc.o
 .text.USBD_CDC_GetDeviceQualifierDescriptor
                0x0000000008006a18       0x20 ./Middlewares/ST/STM32_USB_Device_Library/Class/CDC/Src/usbd_cdc.o
                0x0000000008006a18                USBD_CDC_GetDeviceQualifierDescriptor
 .text.USBD_CDC_RegisterInterface
                0x0000000008006a38       0x2a ./Middlewares/ST/STM32_USB_Device_Library/Class/CDC/Src/usbd_cdc.o
                0x0000000008006a38                USBD_CDC_RegisterInterface
 .text.USBD_CDC_SetTxBuffer
                0x0000000008006a62       0x3c ./Middlewares/ST/STM32_USB_Device_Library/Class/CDC/Src/usbd_cdc.o
                0x0000000008006a62                USBD_CDC_SetTxBuffer
 .text.USBD_CDC_SetRxBuffer
                0x0000000008006a9e       0x32 ./Middlewares/ST/STM32_USB_Device_Library/Class/CDC/Src/usbd_cdc.o
                0x0000000008006a9e                USBD_CDC_SetRxBuffer
 .text.USBD_CDC_TransmitPacket
                0x0000000008006ad0       0x60 ./Middlewares/ST/STM32_USB_Device_Library/Class/CDC/Src/usbd_cdc.o
                0x0000000008006ad0                USBD_CDC_TransmitPacket
 .text.USBD_CDC_ReceivePacket
                0x0000000008006b30       0x54 ./Middlewares/ST/STM32_USB_Device_Library/Class/CDC/Src/usbd_cdc.o
                0x0000000008006b30                USBD_CDC_ReceivePacket
 .text.USBD_Init
                0x0000000008006b84       0x60 ./Middlewares/ST/STM32_USB_Device_Library/Core/Src/usbd_core.o
                0x0000000008006b84                USBD_Init
 .text.USBD_RegisterClass
                0x0000000008006be4       0x4e ./Middlewares/ST/STM32_USB_Device_Library/Core/Src/usbd_core.o
                0x0000000008006be4                USBD_RegisterClass
 .text.USBD_Start
                0x0000000008006c32       0x18 ./Middlewares/ST/STM32_USB_Device_Library/Core/Src/usbd_core.o
                0x0000000008006c32                USBD_Start
 .text.USBD_RunTestMode
                0x0000000008006c4a       0x16 ./Middlewares/ST/STM32_USB_Device_Library/Core/Src/usbd_core.o
                0x0000000008006c4a                USBD_RunTestMode
 .text.USBD_SetClassConfig
                0x0000000008006c60       0x38 ./Middlewares/ST/STM32_USB_Device_Library/Core/Src/usbd_core.o
                0x0000000008006c60                USBD_SetClassConfig
 .text.USBD_ClrClassConfig
                0x0000000008006c98       0x30 ./Middlewares/ST/STM32_USB_Device_Library/Core/Src/usbd_core.o
                0x0000000008006c98                USBD_ClrClassConfig
 .text.USBD_LL_SetupStage
                0x0000000008006cc8       0xaa ./Middlewares/ST/STM32_USB_Device_Library/Core/Src/usbd_core.o
                0x0000000008006cc8                USBD_LL_SetupStage
 .text.USBD_LL_DataOutStage
                0x0000000008006d72       0xc6 ./Middlewares/ST/STM32_USB_Device_Library/Core/Src/usbd_core.o
                0x0000000008006d72                USBD_LL_DataOutStage
 .text.USBD_LL_DataInStage
                0x0000000008006e38      0x12c ./Middlewares/ST/STM32_USB_Device_Library/Core/Src/usbd_core.o
                0x0000000008006e38                USBD_LL_DataInStage
 .text.USBD_LL_Reset
                0x0000000008006f64       0x9c ./Middlewares/ST/STM32_USB_Device_Library/Core/Src/usbd_core.o
                0x0000000008006f64                USBD_LL_Reset
 .text.USBD_LL_SetSpeed
                0x0000000008007000       0x20 ./Middlewares/ST/STM32_USB_Device_Library/Core/Src/usbd_core.o
                0x0000000008007000                USBD_LL_SetSpeed
 .text.USBD_LL_Suspend
                0x0000000008007020       0x2c ./Middlewares/ST/STM32_USB_Device_Library/Core/Src/usbd_core.o
                0x0000000008007020                USBD_LL_Suspend
 .text.USBD_LL_Resume
                0x000000000800704c       0x30 ./Middlewares/ST/STM32_USB_Device_Library/Core/Src/usbd_core.o
                0x000000000800704c                USBD_LL_Resume
 .text.USBD_LL_SOF
                0x000000000800707c       0x44 ./Middlewares/ST/STM32_USB_Device_Library/Core/Src/usbd_core.o
                0x000000000800707c                USBD_LL_SOF
 .text.USBD_LL_IsoINIncomplete
                0x00000000080070c0       0x4c ./Middlewares/ST/STM32_USB_Device_Library/Core/Src/usbd_core.o
                0x00000000080070c0                USBD_LL_IsoINIncomplete
 .text.USBD_LL_IsoOUTIncomplete
                0x000000000800710c       0x4c ./Middlewares/ST/STM32_USB_Device_Library/Core/Src/usbd_core.o
                0x000000000800710c                USBD_LL_IsoOUTIncomplete
 .text.USBD_LL_DevConnected
                0x0000000008007158       0x16 ./Middlewares/ST/STM32_USB_Device_Library/Core/Src/usbd_core.o
                0x0000000008007158                USBD_LL_DevConnected
 .text.USBD_LL_DevDisconnected
                0x000000000800716e       0x38 ./Middlewares/ST/STM32_USB_Device_Library/Core/Src/usbd_core.o
                0x000000000800716e                USBD_LL_DevDisconnected
 .text.SWAPBYTE
                0x00000000080071a6       0x3c ./Middlewares/ST/STM32_USB_Device_Library/Core/Src/usbd_ctlreq.o
 *fill*         0x00000000080071e2        0x2 
 .text.USBD_StdDevReq
                0x00000000080071e4       0xdc ./Middlewares/ST/STM32_USB_Device_Library/Core/Src/usbd_ctlreq.o
                0x00000000080071e4                USBD_StdDevReq
 .text.USBD_StdItfReq
                0x00000000080072c0       0x92 ./Middlewares/ST/STM32_USB_Device_Library/Core/Src/usbd_ctlreq.o
                0x00000000080072c0                USBD_StdItfReq
 .text.USBD_StdEPReq
                0x0000000008007352      0x2c4 ./Middlewares/ST/STM32_USB_Device_Library/Core/Src/usbd_ctlreq.o
                0x0000000008007352                USBD_StdEPReq
 *fill*         0x0000000008007616        0x2 
 .text.USBD_GetDescriptor
                0x0000000008007618      0x2d4 ./Middlewares/ST/STM32_USB_Device_Library/Core/Src/usbd_ctlreq.o
 .text.USBD_SetAddress
                0x00000000080078ec       0x88 ./Middlewares/ST/STM32_USB_Device_Library/Core/Src/usbd_ctlreq.o
 .text.USBD_SetConfig
                0x0000000008007974      0x14c ./Middlewares/ST/STM32_USB_Device_Library/Core/Src/usbd_ctlreq.o
 .text.USBD_GetConfig
                0x0000000008007ac0       0x6c ./Middlewares/ST/STM32_USB_Device_Library/Core/Src/usbd_ctlreq.o
 .text.USBD_GetStatus
                0x0000000008007b2c       0x68 ./Middlewares/ST/STM32_USB_Device_Library/Core/Src/usbd_ctlreq.o
 .text.USBD_SetFeature
                0x0000000008007b94       0x28 ./Middlewares/ST/STM32_USB_Device_Library/Core/Src/usbd_ctlreq.o
 .text.USBD_ClrFeature
                0x0000000008007bbc       0x44 ./Middlewares/ST/STM32_USB_Device_Library/Core/Src/usbd_ctlreq.o
 .text.USBD_ParseSetupRequest
                0x0000000008007c00       0x74 ./Middlewares/ST/STM32_USB_Device_Library/Core/Src/usbd_ctlreq.o
                0x0000000008007c00                USBD_ParseSetupRequest
 .text.USBD_CtlError
                0x0000000008007c74       0x22 ./Middlewares/ST/STM32_USB_Device_Library/Core/Src/usbd_ctlreq.o
                0x0000000008007c74                USBD_CtlError
 .text.USBD_GetString
                0x0000000008007c96       0x8c ./Middlewares/ST/STM32_USB_Device_Library/Core/Src/usbd_ctlreq.o
                0x0000000008007c96                USBD_GetString
 .text.USBD_GetLen
                0x0000000008007d22       0x34 ./Middlewares/ST/STM32_USB_Device_Library/Core/Src/usbd_ctlreq.o
 .text.USBD_CtlSendData
                0x0000000008007d56       0x36 ./Middlewares/ST/STM32_USB_Device_Library/Core/Src/usbd_ioreq.o
                0x0000000008007d56                USBD_CtlSendData
 .text.USBD_CtlContinueSendData
                0x0000000008007d8c       0x22 ./Middlewares/ST/STM32_USB_Device_Library/Core/Src/usbd_ioreq.o
                0x0000000008007d8c                USBD_CtlContinueSendData
 .text.USBD_CtlPrepareRx
                0x0000000008007dae       0x3a ./Middlewares/ST/STM32_USB_Device_Library/Core/Src/usbd_ioreq.o
                0x0000000008007dae                USBD_CtlPrepareRx
 .text.USBD_CtlContinueRx
                0x0000000008007de8       0x22 ./Middlewares/ST/STM32_USB_Device_Library/Core/Src/usbd_ioreq.o
                0x0000000008007de8                USBD_CtlContinueRx
 .text.USBD_CtlSendStatus
                0x0000000008007e0a       0x26 ./Middlewares/ST/STM32_USB_Device_Library/Core/Src/usbd_ioreq.o
                0x0000000008007e0a                USBD_CtlSendStatus
 .text.USBD_CtlReceiveStatus
                0x0000000008007e30       0x26 ./Middlewares/ST/STM32_USB_Device_Library/Core/Src/usbd_ioreq.o
                0x0000000008007e30                USBD_CtlReceiveStatus
 *fill*         0x0000000008007e56        0x2 
 .text.MX_USB_DEVICE_Init
                0x0000000008007e58       0x60 ./USB_DEVICE/App/usb_device.o
                0x0000000008007e58                MX_USB_DEVICE_Init
 .text.CDC_Init_FS
                0x0000000008007eb8       0x28 ./USB_DEVICE/App/usbd_cdc_if.o
 .text.CDC_DeInit_FS
                0x0000000008007ee0       0x10 ./USB_DEVICE/App/usbd_cdc_if.o
 .text.CDC_Control_FS
                0x0000000008007ef0       0xbc ./USB_DEVICE/App/usbd_cdc_if.o
 .text.CDC_Receive_FS
                0x0000000008007fac       0x30 ./USB_DEVICE/App/usbd_cdc_if.o
 .text.CDC_Transmit_FS
                0x0000000008007fdc       0x4c ./USB_DEVICE/App/usbd_cdc_if.o
                0x0000000008007fdc                CDC_Transmit_FS
 .text.CDC_TransmitCplt_FS
                0x0000000008008028       0x22 ./USB_DEVICE/App/usbd_cdc_if.o
 *fill*         0x000000000800804a        0x2 
 .text.USBD_FS_DeviceDescriptor
                0x000000000800804c       0x24 ./USB_DEVICE/App/usbd_desc.o
                0x000000000800804c                USBD_FS_DeviceDescriptor
 .text.USBD_FS_LangIDStrDescriptor
                0x0000000008008070       0x24 ./USB_DEVICE/App/usbd_desc.o
                0x0000000008008070                USBD_FS_LangIDStrDescriptor
 .text.USBD_FS_ProductStrDescriptor
                0x0000000008008094       0x3c ./USB_DEVICE/App/usbd_desc.o
                0x0000000008008094                USBD_FS_ProductStrDescriptor
 .text.USBD_FS_ManufacturerStrDescriptor
                0x00000000080080d0       0x28 ./USB_DEVICE/App/usbd_desc.o
                0x00000000080080d0                USBD_FS_ManufacturerStrDescriptor
 .text.USBD_FS_SerialStrDescriptor
                0x00000000080080f8       0x24 ./USB_DEVICE/App/usbd_desc.o
                0x00000000080080f8                USBD_FS_SerialStrDescriptor
 .text.USBD_FS_ConfigStrDescriptor
                0x000000000800811c       0x3c ./USB_DEVICE/App/usbd_desc.o
                0x000000000800811c                USBD_FS_ConfigStrDescriptor
 .text.USBD_FS_InterfaceStrDescriptor
                0x0000000008008158       0x3c ./USB_DEVICE/App/usbd_desc.o
                0x0000000008008158                USBD_FS_InterfaceStrDescriptor
 .text.Get_SerialNum
                0x0000000008008194       0x58 ./USB_DEVICE/App/usbd_desc.o
 .text.IntToUnicode
                0x00000000080081ec       0x7e ./USB_DEVICE/App/usbd_desc.o
 *fill*         0x000000000800826a        0x2 
 .text.HAL_PCD_MspInit
                0x000000000800826c       0xc4 ./USB_DEVICE/Target/usbd_conf.o
                0x000000000800826c                HAL_PCD_MspInit
 .text.HAL_PCD_SetupStageCallback
                0x0000000008008330       0x24 ./USB_DEVICE/Target/usbd_conf.o
                0x0000000008008330                HAL_PCD_SetupStageCallback
 .text.HAL_PCD_DataOutStageCallback
                0x0000000008008354       0x36 ./USB_DEVICE/Target/usbd_conf.o
                0x0000000008008354                HAL_PCD_DataOutStageCallback
 .text.HAL_PCD_DataInStageCallback
                0x000000000800838a       0x34 ./USB_DEVICE/Target/usbd_conf.o
                0x000000000800838a                HAL_PCD_DataInStageCallback
 .text.HAL_PCD_SOFCallback
                0x00000000080083be       0x1c ./USB_DEVICE/Target/usbd_conf.o
                0x00000000080083be                HAL_PCD_SOFCallback
 .text.HAL_PCD_ResetCallback
                0x00000000080083da       0x50 ./USB_DEVICE/Target/usbd_conf.o
                0x00000000080083da                HAL_PCD_ResetCallback
 *fill*         0x000000000800842a        0x2 
 .text.HAL_PCD_SuspendCallback
                0x000000000800842c       0x4c ./USB_DEVICE/Target/usbd_conf.o
                0x000000000800842c                HAL_PCD_SuspendCallback
 .text.HAL_PCD_ResumeCallback
                0x0000000008008478       0x1c ./USB_DEVICE/Target/usbd_conf.o
                0x0000000008008478                HAL_PCD_ResumeCallback
 .text.HAL_PCD_ISOOUTIncompleteCallback
                0x0000000008008494       0x24 ./USB_DEVICE/Target/usbd_conf.o
                0x0000000008008494                HAL_PCD_ISOOUTIncompleteCallback
 .text.HAL_PCD_ISOINIncompleteCallback
                0x00000000080084b8       0x24 ./USB_DEVICE/Target/usbd_conf.o
                0x00000000080084b8                HAL_PCD_ISOINIncompleteCallback
 .text.HAL_PCD_ConnectCallback
                0x00000000080084dc       0x1c ./USB_DEVICE/Target/usbd_conf.o
                0x00000000080084dc                HAL_PCD_ConnectCallback
 .text.HAL_PCD_DisconnectCallback
                0x00000000080084f8       0x1c ./USB_DEVICE/Target/usbd_conf.o
                0x00000000080084f8                HAL_PCD_DisconnectCallback
 .text.USBD_LL_Init
                0x0000000008008514       0x98 ./USB_DEVICE/Target/usbd_conf.o
                0x0000000008008514                USBD_LL_Init
 .text.USBD_LL_Start
                0x00000000080085ac       0x36 ./USB_DEVICE/Target/usbd_conf.o
                0x00000000080085ac                USBD_LL_Start
 .text.USBD_LL_OpenEP
                0x00000000080085e2       0x4c ./USB_DEVICE/Target/usbd_conf.o
                0x00000000080085e2                USBD_LL_OpenEP
 .text.USBD_LL_CloseEP
                0x000000000800862e       0x3e ./USB_DEVICE/Target/usbd_conf.o
                0x000000000800862e                USBD_LL_CloseEP
 .text.USBD_LL_StallEP
                0x000000000800866c       0x3e ./USB_DEVICE/Target/usbd_conf.o
                0x000000000800866c                USBD_LL_StallEP
 .text.USBD_LL_ClearStallEP
                0x00000000080086aa       0x3e ./USB_DEVICE/Target/usbd_conf.o
                0x00000000080086aa                USBD_LL_ClearStallEP
 .text.USBD_LL_IsStallEP
                0x00000000080086e8       0x58 ./USB_DEVICE/Target/usbd_conf.o
                0x00000000080086e8                USBD_LL_IsStallEP
 .text.USBD_LL_SetUSBAddress
                0x0000000008008740       0x3e ./USB_DEVICE/Target/usbd_conf.o
                0x0000000008008740                USBD_LL_SetUSBAddress
 .text.USBD_LL_Transmit
                0x000000000800877e       0x42 ./USB_DEVICE/Target/usbd_conf.o
                0x000000000800877e                USBD_LL_Transmit
 .text.USBD_LL_PrepareReceive
                0x00000000080087c0       0x42 ./USB_DEVICE/Target/usbd_conf.o
                0x00000000080087c0                USBD_LL_PrepareReceive
 .text.USBD_LL_GetRxDataSize
                0x0000000008008802       0x26 ./USB_DEVICE/Target/usbd_conf.o
                0x0000000008008802                USBD_LL_GetRxDataSize
 .text.USBD_static_malloc
                0x0000000008008828       0x1c ./USB_DEVICE/Target/usbd_conf.o
                0x0000000008008828                USBD_static_malloc
 .text.USBD_static_free
                0x0000000008008844       0x14 ./USB_DEVICE/Target/usbd_conf.o
                0x0000000008008844                USBD_static_free
 .text.USBD_Get_USB_Status
                0x0000000008008858       0x58 ./USB_DEVICE/Target/usbd_conf.o
                0x0000000008008858                USBD_Get_USB_Status
 .text.__errno  0x00000000080088b0        0xc e:/st/stm32cubeide_1.8.0/stm32cubeide/plugins/com.st.stm32cube.ide.mcu.externaltools.gnu-tools-for-stm32.9-2020-q2-update.win32_2.0.0.202105311346/tools/bin/../lib/gcc/arm-none-eabi/9.3.1/../../../../arm-none-eabi/lib/thumb/v7e-m+fp/hard\libc_nano.a(lib_a-errno.o)
                0x00000000080088b0                __errno
 .text.__libc_init_array
                0x00000000080088bc       0x48 e:/st/stm32cubeide_1.8.0/stm32cubeide/plugins/com.st.stm32cube.ide.mcu.externaltools.gnu-tools-for-stm32.9-2020-q2-update.win32_2.0.0.202105311346/tools/bin/../lib/gcc/arm-none-eabi/9.3.1/../../../../arm-none-eabi/lib/thumb/v7e-m+fp/hard\libc_nano.a(lib_a-init.o)
                0x00000000080088bc                __libc_init_array
 .text.memset   0x0000000008008904       0x10 e:/st/stm32cubeide_1.8.0/stm32cubeide/plugins/com.st.stm32cube.ide.mcu.externaltools.gnu-tools-for-stm32.9-2020-q2-update.win32_2.0.0.202105311346/tools/bin/../lib/gcc/arm-none-eabi/9.3.1/../../../../arm-none-eabi/lib/thumb/v7e-m+fp/hard\libc_nano.a(lib_a-memset.o)
                0x0000000008008904                memset
 .text.sprintf  0x0000000008008914       0x40 e:/st/stm32cubeide_1.8.0/stm32cubeide/plugins/com.st.stm32cube.ide.mcu.externaltools.gnu-tools-for-stm32.9-2020-q2-update.win32_2.0.0.202105311346/tools/bin/../lib/gcc/arm-none-eabi/9.3.1/../../../../arm-none-eabi/lib/thumb/v7e-m+fp/hard\libc_nano.a(lib_a-sprintf.o)
                0x0000000008008914                siprintf
                0x0000000008008914                sprintf
 .text.__ssputs_r
                0x0000000008008954       0xb6 e:/st/stm32cubeide_1.8.0/stm32cubeide/plugins/com.st.stm32cube.ide.mcu.externaltools.gnu-tools-for-stm32.9-2020-q2-update.win32_2.0.0.202105311346/tools/bin/../lib/gcc/arm-none-eabi/9.3.1/../../../../arm-none-eabi/lib/thumb/v7e-m+fp/hard\libc_nano.a(lib_a-nano-svfprintf.o)
                0x0000000008008954                __ssputs_r
 *fill*         0x0000000008008a0a        0x2 
 .text._svfprintf_r
                0x0000000008008a0c      0x200 e:/st/stm32cubeide_1.8.0/stm32cubeide/plugins/com.st.stm32cube.ide.mcu.externaltools.gnu-tools-for-stm32.9-2020-q2-update.win32_2.0.0.202105311346/tools/bin/../lib/gcc/arm-none-eabi/9.3.1/../../../../arm-none-eabi/lib/thumb/v7e-m+fp/hard\libc_nano.a(lib_a-nano-svfprintf.o)
                0x0000000008008a0c                _svfiprintf_r
                0x0000000008008a0c                _svfprintf_r
 .text._printf_common
                0x0000000008008c0c       0xda e:/st/stm32cubeide_1.8.0/stm32cubeide/plugins/com.st.stm32cube.ide.mcu.externaltools.gnu-tools-for-stm32.9-2020-q2-update.win32_2.0.0.202105311346/tools/bin/../lib/gcc/arm-none-eabi/9.3.1/../../../../arm-none-eabi/lib/thumb/v7e-m+fp/hard\libc_nano.a(lib_a-nano-vfprintf_i.o)
                0x0000000008008c0c                _printf_common
 *fill*         0x0000000008008ce6        0x2 
 .text._printf_i
                0x0000000008008ce8      0x24c e:/st/stm32cubeide_1.8.0/stm32cubeide/plugins/com.st.stm32cube.ide.mcu.externaltools.gnu-tools-for-stm32.9-2020-q2-update.win32_2.0.0.202105311346/tools/bin/../lib/gcc/arm-none-eabi/9.3.1/../../../../arm-none-eabi/lib/thumb/v7e-m+fp/hard\libc_nano.a(lib_a-nano-vfprintf_i.o)
                0x0000000008008ce8                _printf_i
 .text.memcpy   0x0000000008008f34       0x1c e:/st/stm32cubeide_1.8.0/stm32cubeide/plugins/com.st.stm32cube.ide.mcu.externaltools.gnu-tools-for-stm32.9-2020-q2-update.win32_2.0.0.202105311346/tools/bin/../lib/gcc/arm-none-eabi/9.3.1/../../../../arm-none-eabi/lib/thumb/v7e-m+fp/hard\libc_nano.a(lib_a-memcpy-stub.o)
                0x0000000008008f34                memcpy
 .text.memmove  0x0000000008008f50       0x34 e:/st/stm32cubeide_1.8.0/stm32cubeide/plugins/com.st.stm32cube.ide.mcu.externaltools.gnu-tools-for-stm32.9-2020-q2-update.win32_2.0.0.202105311346/tools/bin/../lib/gcc/arm-none-eabi/9.3.1/../../../../arm-none-eabi/lib/thumb/v7e-m+fp/hard\libc_nano.a(lib_a-memmove.o)
                0x0000000008008f50                memmove
 .text._free_r  0x0000000008008f84       0xa0 e:/st/stm32cubeide_1.8.0/stm32cubeide/plugins/com.st.stm32cube.ide.mcu.externaltools.gnu-tools-for-stm32.9-2020-q2-update.win32_2.0.0.202105311346/tools/bin/../lib/gcc/arm-none-eabi/9.3.1/../../../../arm-none-eabi/lib/thumb/v7e-m+fp/hard\libc_nano.a(lib_a-nano-freer.o)
                0x0000000008008f84                _free_r
 .text._malloc_r
                0x0000000008009024       0xb4 e:/st/stm32cubeide_1.8.0/stm32cubeide/plugins/com.st.stm32cube.ide.mcu.externaltools.gnu-tools-for-stm32.9-2020-q2-update.win32_2.0.0.202105311346/tools/bin/../lib/gcc/arm-none-eabi/9.3.1/../../../../arm-none-eabi/lib/thumb/v7e-m+fp/hard\libc_nano.a(lib_a-nano-mallocr.o)
                0x0000000008009024                _malloc_r
 .text._realloc_r
                0x00000000080090d8       0x4c e:/st/stm32cubeide_1.8.0/stm32cubeide/plugins/com.st.stm32cube.ide.mcu.externaltools.gnu-tools-for-stm32.9-2020-q2-update.win32_2.0.0.202105311346/tools/bin/../lib/gcc/arm-none-eabi/9.3.1/../../../../arm-none-eabi/lib/thumb/v7e-m+fp/hard\libc_nano.a(lib_a-nano-reallocr.o)
                0x00000000080090d8                _realloc_r
 .text._sbrk_r  0x0000000008009124       0x20 e:/st/stm32cubeide_1.8.0/stm32cubeide/plugins/com.st.stm32cube.ide.mcu.externaltools.gnu-tools-for-stm32.9-2020-q2-update.win32_2.0.0.202105311346/tools/bin/../lib/gcc/arm-none-eabi/9.3.1/../../../../arm-none-eabi/lib/thumb/v7e-m+fp/hard\libc_nano.a(lib_a-sbrkr.o)
                0x0000000008009124                _sbrk_r
 .text.__malloc_lock
                0x0000000008009144        0xc e:/st/stm32cubeide_1.8.0/stm32cubeide/plugins/com.st.stm32cube.ide.mcu.externaltools.gnu-tools-for-stm32.9-2020-q2-update.win32_2.0.0.202105311346/tools/bin/../lib/gcc/arm-none-eabi/9.3.1/../../../../arm-none-eabi/lib/thumb/v7e-m+fp/hard\libc_nano.a(lib_a-mlock.o)
                0x0000000008009144                __malloc_lock
 .text.__malloc_unlock
                0x0000000008009150        0xc e:/st/stm32cubeide_1.8.0/stm32cubeide/plugins/com.st.stm32cube.ide.mcu.externaltools.gnu-tools-for-stm32.9-2020-q2-update.win32_2.0.0.202105311346/tools/bin/../lib/gcc/arm-none-eabi/9.3.1/../../../../arm-none-eabi/lib/thumb/v7e-m+fp/hard\libc_nano.a(lib_a-mlock.o)
                0x0000000008009150                __malloc_unlock
 .text._malloc_usable_size_r
                0x000000000800915c       0x10 e:/st/stm32cubeide_1.8.0/stm32cubeide/plugins/com.st.stm32cube.ide.mcu.externaltools.gnu-tools-for-stm32.9-2020-q2-update.win32_2.0.0.202105311346/tools/bin/../lib/gcc/arm-none-eabi/9.3.1/../../../../arm-none-eabi/lib/thumb/v7e-m+fp/hard\libc_nano.a(lib_a-nano-msizer.o)
                0x000000000800915c                _malloc_usable_size_r
 .text.__retarget_lock_acquire_recursive
                0x000000000800916c        0x2 e:/st/stm32cubeide_1.8.0/stm32cubeide/plugins/com.st.stm32cube.ide.mcu.externaltools.gnu-tools-for-stm32.9-2020-q2-update.win32_2.0.0.202105311346/tools/bin/../lib/gcc/arm-none-eabi/9.3.1/../../../../arm-none-eabi/lib/thumb/v7e-m+fp/hard\libc_nano.a(lib_a-lock.o)
                0x000000000800916c                __retarget_lock_acquire_recursive
 .text.__retarget_lock_release_recursive
                0x000000000800916e        0x2 e:/st/stm32cubeide_1.8.0/stm32cubeide/plugins/com.st.stm32cube.ide.mcu.externaltools.gnu-tools-for-stm32.9-2020-q2-update.win32_2.0.0.202105311346/tools/bin/../lib/gcc/arm-none-eabi/9.3.1/../../../../arm-none-eabi/lib/thumb/v7e-m+fp/hard\libc_nano.a(lib_a-lock.o)
                0x000000000800916e                __retarget_lock_release_recursive
 *(.glue_7)
 .glue_7        0x0000000008009170        0x0 linker stubs
 *(.glue_7t)
 .glue_7t       0x0000000008009170        0x0 linker stubs
 *(.eh_frame)
 .eh_frame      0x0000000008009170        0x0 e:/st/stm32cubeide_1.8.0/stm32cubeide/plugins/com.st.stm32cube.ide.mcu.externaltools.gnu-tools-for-stm32.9-2020-q2-update.win32_2.0.0.202105311346/tools/bin/../lib/gcc/arm-none-eabi/9.3.1/thumb/v7e-m+fp/hard/crtbegin.o
 *(.init)
 .init          0x0000000008009170        0x4 e:/st/stm32cubeide_1.8.0/stm32cubeide/plugins/com.st.stm32cube.ide.mcu.externaltools.gnu-tools-for-stm32.9-2020-q2-update.win32_2.0.0.202105311346/tools/bin/../lib/gcc/arm-none-eabi/9.3.1/thumb/v7e-m+fp/hard/crti.o
                0x0000000008009170                _init
 .init          0x0000000008009174        0x8 e:/st/stm32cubeide_1.8.0/stm32cubeide/plugins/com.st.stm32cube.ide.mcu.externaltools.gnu-tools-for-stm32.9-2020-q2-update.win32_2.0.0.202105311346/tools/bin/../lib/gcc/arm-none-eabi/9.3.1/thumb/v7e-m+fp/hard/crtn.o
 *(.fini)
 .fini          0x000000000800917c        0x4 e:/st/stm32cubeide_1.8.0/stm32cubeide/plugins/com.st.stm32cube.ide.mcu.externaltools.gnu-tools-for-stm32.9-2020-q2-update.win32_2.0.0.202105311346/tools/bin/../lib/gcc/arm-none-eabi/9.3.1/thumb/v7e-m+fp/hard/crti.o
                0x000000000800917c                _fini
 .fini          0x0000000008009180        0x8 e:/st/stm32cubeide_1.8.0/stm32cubeide/plugins/com.st.stm32cube.ide.mcu.externaltools.gnu-tools-for-stm32.9-2020-q2-update.win32_2.0.0.202105311346/tools/bin/../lib/gcc/arm-none-eabi/9.3.1/thumb/v7e-m+fp/hard/crtn.o
                0x0000000008009188                . = ALIGN (0x4)
                0x0000000008009188                _etext = .

.vfp11_veneer   0x0000000008009188        0x0
 .vfp11_veneer  0x0000000008009188        0x0 linker stubs

.v4_bx          0x0000000008009188        0x0
 .v4_bx         0x0000000008009188        0x0 linker stubs

.iplt           0x0000000008009188        0x0
 .iplt          0x0000000008009188        0x0 e:/st/stm32cubeide_1.8.0/stm32cubeide/plugins/com.st.stm32cube.ide.mcu.externaltools.gnu-tools-for-stm32.9-2020-q2-update.win32_2.0.0.202105311346/tools/bin/../lib/gcc/arm-none-eabi/9.3.1/thumb/v7e-m+fp/hard/crtbegin.o

.rodata         0x0000000008009188      0x11c
                0x0000000008009188                . = ALIGN (0x4)
 *(.rodata)
 .rodata        0x0000000008009188       0x8f ./Core/Src/main.o
 *fill*         0x0000000008009217        0x1 
 .rodata        0x0000000008009218       0x46 ./USB_DEVICE/App/usbd_desc.o
 *(.rodata*)
 *fill*         0x000000000800925e        0x2 
 .rodata.AHBPrescTable
                0x0000000008009260       0x10 ./Core/Src/system_stm32f4xx.o
                0x0000000008009260                AHBPrescTable
 .rodata._svfprintf_r.str1.1
                0x0000000008009270       0x11 e:/st/stm32cubeide_1.8.0/stm32cubeide/plugins/com.st.stm32cube.ide.mcu.externaltools.gnu-tools-for-stm32.9-2020-q2-update.win32_2.0.0.202105311346/tools/bin/../lib/gcc/arm-none-eabi/9.3.1/../../../../arm-none-eabi/lib/thumb/v7e-m+fp/hard\libc_nano.a(lib_a-nano-svfprintf.o)
 .rodata._printf_i.str1.1
                0x0000000008009281       0x22 e:/st/stm32cubeide_1.8.0/stm32cubeide/plugins/com.st.stm32cube.ide.mcu.externaltools.gnu-tools-for-stm32.9-2020-q2-update.win32_2.0.0.202105311346/tools/bin/../lib/gcc/arm-none-eabi/9.3.1/../../../../arm-none-eabi/lib/thumb/v7e-m+fp/hard\libc_nano.a(lib_a-nano-vfprintf_i.o)
                0x00000000080092a4                . = ALIGN (0x4)
 *fill*         0x00000000080092a3        0x1 

.ARM.extab      0x00000000080092a4        0x0
                0x00000000080092a4                . = ALIGN (0x4)
 *(.ARM.extab* .gnu.linkonce.armextab.*)
                0x00000000080092a4                . = ALIGN (0x4)

.ARM            0x00000000080092a4        0x8
                0x00000000080092a4                . = ALIGN (0x4)
                0x00000000080092a4                __exidx_start = .
 *(.ARM.exidx*)
 .ARM.exidx     0x00000000080092a4        0x8 e:/st/stm32cubeide_1.8.0/stm32cubeide/plugins/com.st.stm32cube.ide.mcu.externaltools.gnu-tools-for-stm32.9-2020-q2-update.win32_2.0.0.202105311346/tools/bin/../lib/gcc/arm-none-eabi/9.3.1/thumb/v7e-m+fp/hard\libgcc.a(_udivmoddi4.o)
                0x00000000080092ac                __exidx_end = .
                0x00000000080092ac                . = ALIGN (0x4)

.rel.dyn        0x00000000080092ac        0x0
 .rel.iplt      0x00000000080092ac        0x0 e:/st/stm32cubeide_1.8.0/stm32cubeide/plugins/com.st.stm32cube.ide.mcu.externaltools.gnu-tools-for-stm32.9-2020-q2-update.win32_2.0.0.202105311346/tools/bin/../lib/gcc/arm-none-eabi/9.3.1/thumb/v7e-m+fp/hard/crtbegin.o

.preinit_array  0x00000000080092ac        0x0
                0x00000000080092ac                . = ALIGN (0x4)
                0x00000000080092ac                PROVIDE (__preinit_array_start = .)
 *(.preinit_array*)
                0x00000000080092ac                PROVIDE (__preinit_array_end = .)
                0x00000000080092ac                . = ALIGN (0x4)

.init_array     0x00000000080092ac        0x4
                0x00000000080092ac                . = ALIGN (0x4)
                0x00000000080092ac                PROVIDE (__init_array_start = .)
 *(SORT_BY_NAME(.init_array.*))
 *(.init_array*)
 .init_array    0x00000000080092ac        0x4 e:/st/stm32cubeide_1.8.0/stm32cubeide/plugins/com.st.stm32cube.ide.mcu.externaltools.gnu-tools-for-stm32.9-2020-q2-update.win32_2.0.0.202105311346/tools/bin/../lib/gcc/arm-none-eabi/9.3.1/thumb/v7e-m+fp/hard/crtbegin.o
                0x00000000080092b0                PROVIDE (__init_array_end = .)
                0x00000000080092b0                . = ALIGN (0x4)

.fini_array     0x00000000080092b0        0x4
                0x00000000080092b0                . = ALIGN (0x4)
                [!provide]                        PROVIDE (__fini_array_start = .)
 *(SORT_BY_NAME(.fini_array.*))
 *(.fini_array*)
 .fini_array    0x00000000080092b0        0x4 e:/st/stm32cubeide_1.8.0/stm32cubeide/plugins/com.st.stm32cube.ide.mcu.externaltools.gnu-tools-for-stm32.9-2020-q2-update.win32_2.0.0.202105311346/tools/bin/../lib/gcc/arm-none-eabi/9.3.1/thumb/v7e-m+fp/hard/crtbegin.o
                [!provide]                        PROVIDE (__fini_array_end = .)
                0x00000000080092b4                . = ALIGN (0x4)
                0x00000000080092b4                _sidata = LOADADDR (.data)

.data           0x0000000020000000      0x1e4 load address 0x00000000080092b4
                0x0000000020000000                . = ALIGN (0x4)
                0x0000000020000000                _sdata = .
 *(.data)
 *(.data*)
 .data.SystemCoreClock
                0x0000000020000000        0x4 ./Core/Src/system_stm32f4xx.o
                0x0000000020000000                SystemCoreClock
 .data.uwTickPrio
                0x0000000020000004        0x4 ./Drivers/STM32F4xx_HAL_Driver/Src/stm32f4xx_hal.o
                0x0000000020000004                uwTickPrio
 .data.uwTickFreq
                0x0000000020000008        0x1 ./Drivers/STM32F4xx_HAL_Driver/Src/stm32f4xx_hal.o
                0x0000000020000008                uwTickFreq
 *fill*         0x0000000020000009        0x3 
 .data.USBD_CDC_DeviceQualifierDesc
                0x000000002000000c        0xa ./Middlewares/ST/STM32_USB_Device_Library/Class/CDC/Src/usbd_cdc.o
 *fill*         0x0000000020000016        0x2 
 .data.USBD_CDC
                0x0000000020000018       0x38 ./Middlewares/ST/STM32_USB_Device_Library/Class/CDC/Src/usbd_cdc.o
                0x0000000020000018                USBD_CDC
 .data.USBD_CDC_CfgHSDesc
                0x0000000020000050       0x43 ./Middlewares/ST/STM32_USB_Device_Library/Class/CDC/Src/usbd_cdc.o
 *fill*         0x0000000020000093        0x1 
 .data.USBD_CDC_CfgFSDesc
                0x0000000020000094       0x43 ./Middlewares/ST/STM32_USB_Device_Library/Class/CDC/Src/usbd_cdc.o
 *fill*         0x00000000200000d7        0x1 
 .data.USBD_CDC_OtherSpeedCfgDesc
                0x00000000200000d8       0x43 ./Middlewares/ST/STM32_USB_Device_Library/Class/CDC/Src/usbd_cdc.o
 *fill*         0x000000002000011b        0x1 
 .data.USBD_Interface_fops_FS
                0x000000002000011c       0x14 ./USB_DEVICE/App/usbd_cdc_if.o
                0x000000002000011c                USBD_Interface_fops_FS
 .data.FS_Desc  0x0000000020000130       0x1c ./USB_DEVICE/App/usbd_desc.o
                0x0000000020000130                FS_Desc
 .data.USBD_FS_DeviceDesc
                0x000000002000014c       0x12 ./USB_DEVICE/App/usbd_desc.o
                0x000000002000014c                USBD_FS_DeviceDesc
 *fill*         0x000000002000015e        0x2 
 .data.USBD_LangIDDesc
                0x0000000020000160        0x4 ./USB_DEVICE/App/usbd_desc.o
                0x0000000020000160                USBD_LangIDDesc
 .data.USBD_StringSerial
                0x0000000020000164       0x1a ./USB_DEVICE/App/usbd_desc.o
                0x0000000020000164                USBD_StringSerial
 *fill*         0x000000002000017e        0x2 
 .data._impure_ptr
                0x0000000020000180        0x4 e:/st/stm32cubeide_1.8.0/stm32cubeide/plugins/com.st.stm32cube.ide.mcu.externaltools.gnu-tools-for-stm32.9-2020-q2-update.win32_2.0.0.202105311346/tools/bin/../lib/gcc/arm-none-eabi/9.3.1/../../../../arm-none-eabi/lib/thumb/v7e-m+fp/hard\libc_nano.a(lib_a-impure.o)
                0x0000000020000180                _impure_ptr
 .data.impure_data
                0x0000000020000184       0x60 e:/st/stm32cubeide_1.8.0/stm32cubeide/plugins/com.st.stm32cube.ide.mcu.externaltools.gnu-tools-for-stm32.9-2020-q2-update.win32_2.0.0.202105311346/tools/bin/../lib/gcc/arm-none-eabi/9.3.1/../../../../arm-none-eabi/lib/thumb/v7e-m+fp/hard\libc_nano.a(lib_a-impure.o)
 *(.RamFunc)
 *(.RamFunc*)
                0x00000000200001e4                . = ALIGN (0x4)
                0x00000000200001e4                _edata = .

.igot.plt       0x00000000200001e4        0x0 load address 0x0000000008009498
 .igot.plt      0x00000000200001e4        0x0 e:/st/stm32cubeide_1.8.0/stm32cubeide/plugins/com.st.stm32cube.ide.mcu.externaltools.gnu-tools-for-stm32.9-2020-q2-update.win32_2.0.0.202105311346/tools/bin/../lib/gcc/arm-none-eabi/9.3.1/thumb/v7e-m+fp/hard/crtbegin.o
                0x00000000200001e4                . = ALIGN (0x4)

.bss            0x00000000200001e4     0x1d7c load address 0x0000000008009498
                0x00000000200001e4                _sbss = .
                0x00000000200001e4                __bss_start__ = _sbss
 *(.bss)
 .bss           0x00000000200001e4       0x1c e:/st/stm32cubeide_1.8.0/stm32cubeide/plugins/com.st.stm32cube.ide.mcu.externaltools.gnu-tools-for-stm32.9-2020-q2-update.win32_2.0.0.202105311346/tools/bin/../lib/gcc/arm-none-eabi/9.3.1/thumb/v7e-m+fp/hard/crtbegin.o
 *(.bss*)
 .bss.mailBoxNum
                0x0000000020000200        0x4 ./Core/Src/main.o
                0x0000000020000200                mailBoxNum
 .bss.__sbrk_heap_end
                0x0000000020000204        0x4 ./Core/Src/sysmem.o
 .bss.cfgidx.10590
                0x0000000020000208        0x1 ./Middlewares/ST/STM32_USB_Device_Library/Core/Src/usbd_ctlreq.o
 *fill*         0x0000000020000209        0x3 
 .bss.mem.10659
                0x000000002000020c      0x220 ./USB_DEVICE/Target/usbd_conf.o
 .bss.__malloc_free_list
                0x000000002000042c        0x4 e:/st/stm32cubeide_1.8.0/stm32cubeide/plugins/com.st.stm32cube.ide.mcu.externaltools.gnu-tools-for-stm32.9-2020-q2-update.win32_2.0.0.202105311346/tools/bin/../lib/gcc/arm-none-eabi/9.3.1/../../../../arm-none-eabi/lib/thumb/v7e-m+fp/hard\libc_nano.a(lib_a-nano-mallocr.o)
                0x000000002000042c                __malloc_free_list
 .bss.__malloc_sbrk_start
                0x0000000020000430        0x4 e:/st/stm32cubeide_1.8.0/stm32cubeide/plugins/com.st.stm32cube.ide.mcu.externaltools.gnu-tools-for-stm32.9-2020-q2-update.win32_2.0.0.202105311346/tools/bin/../lib/gcc/arm-none-eabi/9.3.1/../../../../arm-none-eabi/lib/thumb/v7e-m+fp/hard\libc_nano.a(lib_a-nano-mallocr.o)
                0x0000000020000430                __malloc_sbrk_start
 *(COMMON)
 COMMON         0x0000000020000434       0x28 ./Core/Src/can.o
                0x0000000020000434                hcan1
 COMMON         0x000000002000045c      0x1d0 ./Core/Src/main.o
                0x000000002000045c                ticStartLog
                0x0000000020000460                tim5cnt
                0x0000000020000464                TxData
                0x000000002000046c                bufferCmd
                0x00000000200004ec                TxMailbox
                0x00000000200004f0                RxData
                0x00000000200004f8                bufferTextCan
                0x00000000200005f8                TxHeader
                0x0000000020000610                RxHeader
 COMMON         0x000000002000062c       0x48 ./Core/Src/tim.o
                0x000000002000062c                htim5
 COMMON         0x0000000020000674        0x4 ./Drivers/STM32F4xx_HAL_Driver/Src/stm32f4xx_hal.o
                0x0000000020000674                uwTick
 COMMON         0x0000000020000678      0x2d0 ./USB_DEVICE/App/usb_device.o
                0x0000000020000678                hUsbDeviceFS
 COMMON         0x0000000020000948     0x1000 ./USB_DEVICE/App/usbd_cdc_if.o
                0x0000000020000948                UserRxBufferFS
                0x0000000020001148                UserTxBufferFS
 COMMON         0x0000000020001948      0x200 ./USB_DEVICE/App/usbd_desc.o
                0x0000000020001948                USBD_StrDesc
 COMMON         0x0000000020001b48      0x408 ./USB_DEVICE/Target/usbd_conf.o
                0x0000000020001b48                hpcd_USB_OTG_FS
 COMMON         0x0000000020001f50        0x4 e:/st/stm32cubeide_1.8.0/stm32cubeide/plugins/com.st.stm32cube.ide.mcu.externaltools.gnu-tools-for-stm32.9-2020-q2-update.win32_2.0.0.202105311346/tools/bin/../lib/gcc/arm-none-eabi/9.3.1/../../../../arm-none-eabi/lib/thumb/v7e-m+fp/hard\libc_nano.a(lib_a-reent.o)
                0x0000000020001f50                errno
 COMMON         0x0000000020001f54        0x9 e:/st/stm32cubeide_1.8.0/stm32cubeide/plugins/com.st.stm32cube.ide.mcu.externaltools.gnu-tools-for-stm32.9-2020-q2-update.win32_2.0.0.202105311346/tools/bin/../lib/gcc/arm-none-eabi/9.3.1/../../../../arm-none-eabi/lib/thumb/v7e-m+fp/hard\libc_nano.a(lib_a-lock.o)
                0x0000000020001f54                __lock___atexit_recursive_mutex
                0x0000000020001f55                __lock___arc4random_mutex
                0x0000000020001f56                __lock___env_recursive_mutex
                0x0000000020001f57                __lock___sinit_recursive_mutex
                0x0000000020001f58                __lock___malloc_recursive_mutex
                0x0000000020001f59                __lock___at_quick_exit_mutex
                0x0000000020001f5a                __lock___dd_hash_mutex
                0x0000000020001f5b                __lock___tz_mutex
                0x0000000020001f5c                __lock___sfp_recursive_mutex
                0x0000000020001f60                . = ALIGN (0x4)
 *fill*         0x0000000020001f5d        0x3 
                0x0000000020001f60                _ebss = .
                0x0000000020001f60                __bss_end__ = _ebss

._user_heap_stack
                0x0000000020001f60      0x600 load address 0x0000000008009498
                0x0000000020001f60                . = ALIGN (0x8)
                [!provide]                        PROVIDE (end = .)
                0x0000000020001f60                PROVIDE (_end = .)
                0x0000000020002160                . = (. + _Min_Heap_Size)
 *fill*         0x0000000020001f60      0x200 
                0x0000000020002560                . = (. + _Min_Stack_Size)
 *fill*         0x0000000020002160      0x400 
                0x0000000020002560                . = ALIGN (0x8)

/DISCARD/
 libc.a(*)
 libm.a(*)
 libgcc.a(*)

.ARM.attributes
                0x0000000000000000       0x30
 *(.ARM.attributes)
 .ARM.attributes
                0x0000000000000000       0x1e e:/st/stm32cubeide_1.8.0/stm32cubeide/plugins/com.st.stm32cube.ide.mcu.externaltools.gnu-tools-for-stm32.9-2020-q2-update.win32_2.0.0.202105311346/tools/bin/../lib/gcc/arm-none-eabi/9.3.1/thumb/v7e-m+fp/hard/crti.o
 .ARM.attributes
                0x000000000000001e       0x34 e:/st/stm32cubeide_1.8.0/stm32cubeide/plugins/com.st.stm32cube.ide.mcu.externaltools.gnu-tools-for-stm32.9-2020-q2-update.win32_2.0.0.202105311346/tools/bin/../lib/gcc/arm-none-eabi/9.3.1/thumb/v7e-m+fp/hard/crtbegin.o
 .ARM.attributes
                0x0000000000000052       0x34 ./Core/Src/can.o
 .ARM.attributes
                0x0000000000000086       0x34 ./Core/Src/gpio.o
 .ARM.attributes
                0x00000000000000ba       0x34 ./Core/Src/main.o
 .ARM.attributes
                0x00000000000000ee       0x34 ./Core/Src/stm32f4xx_hal_msp.o
 .ARM.attributes
                0x0000000000000122       0x34 ./Core/Src/stm32f4xx_it.o
 .ARM.attributes
                0x0000000000000156       0x34 ./Core/Src/sysmem.o
 .ARM.attributes
                0x000000000000018a       0x34 ./Core/Src/system_stm32f4xx.o
 .ARM.attributes
                0x00000000000001be       0x34 ./Core/Src/tim.o
 .ARM.attributes
                0x00000000000001f2       0x21 ./Core/Startup/startup_stm32f407vgtx.o
 .ARM.attributes
                0x0000000000000213       0x34 ./Drivers/STM32F4xx_HAL_Driver/Src/stm32f4xx_hal.o
 .ARM.attributes
                0x0000000000000247       0x34 ./Drivers/STM32F4xx_HAL_Driver/Src/stm32f4xx_hal_can.o
 .ARM.attributes
                0x000000000000027b       0x34 ./Drivers/STM32F4xx_HAL_Driver/Src/stm32f4xx_hal_cortex.o
 .ARM.attributes
                0x00000000000002af       0x34 ./Drivers/STM32F4xx_HAL_Driver/Src/stm32f4xx_hal_gpio.o
 .ARM.attributes
                0x00000000000002e3       0x34 ./Drivers/STM32F4xx_HAL_Driver/Src/stm32f4xx_hal_pcd.o
 .ARM.attributes
                0x0000000000000317       0x34 ./Drivers/STM32F4xx_HAL_Driver/Src/stm32f4xx_hal_pcd_ex.o
 .ARM.attributes
                0x000000000000034b       0x34 ./Drivers/STM32F4xx_HAL_Driver/Src/stm32f4xx_hal_rcc.o
 .ARM.attributes
                0x000000000000037f       0x34 ./Drivers/STM32F4xx_HAL_Driver/Src/stm32f4xx_hal_tim.o
 .ARM.attributes
                0x00000000000003b3       0x34 ./Drivers/STM32F4xx_HAL_Driver/Src/stm32f4xx_hal_tim_ex.o
 .ARM.attributes
                0x00000000000003e7       0x34 ./Drivers/STM32F4xx_HAL_Driver/Src/stm32f4xx_ll_usb.o
 .ARM.attributes
                0x000000000000041b       0x34 ./Middlewares/ST/STM32_USB_Device_Library/Class/CDC/Src/usbd_cdc.o
 .ARM.attributes
                0x000000000000044f       0x34 ./Middlewares/ST/STM32_USB_Device_Library/Core/Src/usbd_core.o
 .ARM.attributes
                0x0000000000000483       0x34 ./Middlewares/ST/STM32_USB_Device_Library/Core/Src/usbd_ctlreq.o
 .ARM.attributes
                0x00000000000004b7       0x34 ./Middlewares/ST/STM32_USB_Device_Library/Core/Src/usbd_ioreq.o
 .ARM.attributes
                0x00000000000004eb       0x34 ./USB_DEVICE/App/usb_device.o
 .ARM.attributes
                0x000000000000051f       0x34 ./USB_DEVICE/App/usbd_cdc_if.o
 .ARM.attributes
                0x0000000000000553       0x34 ./USB_DEVICE/App/usbd_desc.o
 .ARM.attributes
                0x0000000000000587       0x34 ./USB_DEVICE/Target/usbd_conf.o
 .ARM.attributes
                0x00000000000005bb       0x34 e:/st/stm32cubeide_1.8.0/stm32cubeide/plugins/com.st.stm32cube.ide.mcu.externaltools.gnu-tools-for-stm32.9-2020-q2-update.win32_2.0.0.202105311346/tools/bin/../lib/gcc/arm-none-eabi/9.3.1/../../../../arm-none-eabi/lib/thumb/v7e-m+fp/hard\libc_nano.a(lib_a-errno.o)
 .ARM.attributes
                0x00000000000005ef       0x32 e:/st/stm32cubeide_1.8.0/stm32cubeide/plugins/com.st.stm32cube.ide.mcu.externaltools.gnu-tools-for-stm32.9-2020-q2-update.win32_2.0.0.202105311346/tools/bin/../lib/gcc/arm-none-eabi/9.3.1/../../../../arm-none-eabi/lib/thumb/v7e-m+fp/hard\libc_nano.a(lib_a-impure.o)
 .ARM.attributes
                0x0000000000000621       0x34 e:/st/stm32cubeide_1.8.0/stm32cubeide/plugins/com.st.stm32cube.ide.mcu.externaltools.gnu-tools-for-stm32.9-2020-q2-update.win32_2.0.0.202105311346/tools/bin/../lib/gcc/arm-none-eabi/9.3.1/../../../../arm-none-eabi/lib/thumb/v7e-m+fp/hard\libc_nano.a(lib_a-init.o)
 .ARM.attributes
                0x0000000000000655       0x34 e:/st/stm32cubeide_1.8.0/stm32cubeide/plugins/com.st.stm32cube.ide.mcu.externaltools.gnu-tools-for-stm32.9-2020-q2-update.win32_2.0.0.202105311346/tools/bin/../lib/gcc/arm-none-eabi/9.3.1/../../../../arm-none-eabi/lib/thumb/v7e-m+fp/hard\libc_nano.a(lib_a-memset.o)
 .ARM.attributes
                0x0000000000000689       0x34 e:/st/stm32cubeide_1.8.0/stm32cubeide/plugins/com.st.stm32cube.ide.mcu.externaltools.gnu-tools-for-stm32.9-2020-q2-update.win32_2.0.0.202105311346/tools/bin/../lib/gcc/arm-none-eabi/9.3.1/../../../../arm-none-eabi/lib/thumb/v7e-m+fp/hard\libc_nano.a(lib_a-sprintf.o)
 .ARM.attributes
                0x00000000000006bd       0x34 e:/st/stm32cubeide_1.8.0/stm32cubeide/plugins/com.st.stm32cube.ide.mcu.externaltools.gnu-tools-for-stm32.9-2020-q2-update.win32_2.0.0.202105311346/tools/bin/../lib/gcc/arm-none-eabi/9.3.1/../../../../arm-none-eabi/lib/thumb/v7e-m+fp/hard\libc_nano.a(lib_a-nano-svfprintf.o)
 .ARM.attributes
                0x00000000000006f1       0x34 e:/st/stm32cubeide_1.8.0/stm32cubeide/plugins/com.st.stm32cube.ide.mcu.externaltools.gnu-tools-for-stm32.9-2020-q2-update.win32_2.0.0.202105311346/tools/bin/../lib/gcc/arm-none-eabi/9.3.1/../../../../arm-none-eabi/lib/thumb/v7e-m+fp/hard\libc_nano.a(lib_a-nano-vfprintf_i.o)
 .ARM.attributes
                0x0000000000000725       0x1c e:/st/stm32cubeide_1.8.0/stm32cubeide/plugins/com.st.stm32cube.ide.mcu.externaltools.gnu-tools-for-stm32.9-2020-q2-update.win32_2.0.0.202105311346/tools/bin/../lib/gcc/arm-none-eabi/9.3.1/../../../../arm-none-eabi/lib/thumb/v7e-m+fp/hard\libc_nano.a(lib_a-memchr.o)
 .ARM.attributes
                0x0000000000000741       0x34 e:/st/stm32cubeide_1.8.0/stm32cubeide/plugins/com.st.stm32cube.ide.mcu.externaltools.gnu-tools-for-stm32.9-2020-q2-update.win32_2.0.0.202105311346/tools/bin/../lib/gcc/arm-none-eabi/9.3.1/../../../../arm-none-eabi/lib/thumb/v7e-m+fp/hard\libc_nano.a(lib_a-memcpy-stub.o)
 .ARM.attributes
                0x0000000000000775       0x34 e:/st/stm32cubeide_1.8.0/stm32cubeide/plugins/com.st.stm32cube.ide.mcu.externaltools.gnu-tools-for-stm32.9-2020-q2-update.win32_2.0.0.202105311346/tools/bin/../lib/gcc/arm-none-eabi/9.3.1/../../../../arm-none-eabi/lib/thumb/v7e-m+fp/hard\libc_nano.a(lib_a-memmove.o)
 .ARM.attributes
                0x00000000000007a9       0x34 e:/st/stm32cubeide_1.8.0/stm32cubeide/plugins/com.st.stm32cube.ide.mcu.externaltools.gnu-tools-for-stm32.9-2020-q2-update.win32_2.0.0.202105311346/tools/bin/../lib/gcc/arm-none-eabi/9.3.1/../../../../arm-none-eabi/lib/thumb/v7e-m+fp/hard\libc_nano.a(lib_a-nano-freer.o)
 .ARM.attributes
                0x00000000000007dd       0x34 e:/st/stm32cubeide_1.8.0/stm32cubeide/plugins/com.st.stm32cube.ide.mcu.externaltools.gnu-tools-for-stm32.9-2020-q2-update.win32_2.0.0.202105311346/tools/bin/../lib/gcc/arm-none-eabi/9.3.1/../../../../arm-none-eabi/lib/thumb/v7e-m+fp/hard\libc_nano.a(lib_a-nano-mallocr.o)
 .ARM.attributes
                0x0000000000000811       0x34 e:/st/stm32cubeide_1.8.0/stm32cubeide/plugins/com.st.stm32cube.ide.mcu.externaltools.gnu-tools-for-stm32.9-2020-q2-update.win32_2.0.0.202105311346/tools/bin/../lib/gcc/arm-none-eabi/9.3.1/../../../../arm-none-eabi/lib/thumb/v7e-m+fp/hard\libc_nano.a(lib_a-nano-reallocr.o)
 .ARM.attributes
                0x0000000000000845       0x34 e:/st/stm32cubeide_1.8.0/stm32cubeide/plugins/com.st.stm32cube.ide.mcu.externaltools.gnu-tools-for-stm32.9-2020-q2-update.win32_2.0.0.202105311346/tools/bin/../lib/gcc/arm-none-eabi/9.3.1/../../../../arm-none-eabi/lib/thumb/v7e-m+fp/hard\libc_nano.a(lib_a-sbrkr.o)
 .ARM.attributes
                0x0000000000000879       0x34 e:/st/stm32cubeide_1.8.0/stm32cubeide/plugins/com.st.stm32cube.ide.mcu.externaltools.gnu-tools-for-stm32.9-2020-q2-update.win32_2.0.0.202105311346/tools/bin/../lib/gcc/arm-none-eabi/9.3.1/../../../../arm-none-eabi/lib/thumb/v7e-m+fp/hard\libc_nano.a(lib_a-mlock.o)
 .ARM.attributes
                0x00000000000008ad       0x34 e:/st/stm32cubeide_1.8.0/stm32cubeide/plugins/com.st.stm32cube.ide.mcu.externaltools.gnu-tools-for-stm32.9-2020-q2-update.win32_2.0.0.202105311346/tools/bin/../lib/gcc/arm-none-eabi/9.3.1/../../../../arm-none-eabi/lib/thumb/v7e-m+fp/hard\libc_nano.a(lib_a-nano-msizer.o)
 .ARM.attributes
                0x00000000000008e1       0x34 e:/st/stm32cubeide_1.8.0/stm32cubeide/plugins/com.st.stm32cube.ide.mcu.externaltools.gnu-tools-for-stm32.9-2020-q2-update.win32_2.0.0.202105311346/tools/bin/../lib/gcc/arm-none-eabi/9.3.1/../../../../arm-none-eabi/lib/thumb/v7e-m+fp/hard\libc_nano.a(lib_a-reent.o)
 .ARM.attributes
                0x0000000000000915       0x34 e:/st/stm32cubeide_1.8.0/stm32cubeide/plugins/com.st.stm32cube.ide.mcu.externaltools.gnu-tools-for-stm32.9-2020-q2-update.win32_2.0.0.202105311346/tools/bin/../lib/gcc/arm-none-eabi/9.3.1/../../../../arm-none-eabi/lib/thumb/v7e-m+fp/hard\libc_nano.a(lib_a-lock.o)
 .ARM.attributes
                0x0000000000000949       0x1e e:/st/stm32cubeide_1.8.0/stm32cubeide/plugins/com.st.stm32cube.ide.mcu.externaltools.gnu-tools-for-stm32.9-2020-q2-update.win32_2.0.0.202105311346/tools/bin/../lib/gcc/arm-none-eabi/9.3.1/thumb/v7e-m+fp/hard\libgcc.a(_aeabi_uldivmod.o)
 .ARM.attributes
                0x0000000000000967       0x34 e:/st/stm32cubeide_1.8.0/stm32cubeide/plugins/com.st.stm32cube.ide.mcu.externaltools.gnu-tools-for-stm32.9-2020-q2-update.win32_2.0.0.202105311346/tools/bin/../lib/gcc/arm-none-eabi/9.3.1/thumb/v7e-m+fp/hard\libgcc.a(_udivmoddi4.o)
 .ARM.attributes
                0x000000000000099b       0x1e e:/st/stm32cubeide_1.8.0/stm32cubeide/plugins/com.st.stm32cube.ide.mcu.externaltools.gnu-tools-for-stm32.9-2020-q2-update.win32_2.0.0.202105311346/tools/bin/../lib/gcc/arm-none-eabi/9.3.1/thumb/v7e-m+fp/hard\libgcc.a(_dvmd_tls.o)
 .ARM.attributes
                0x00000000000009b9       0x1e e:/st/stm32cubeide_1.8.0/stm32cubeide/plugins/com.st.stm32cube.ide.mcu.externaltools.gnu-tools-for-stm32.9-2020-q2-update.win32_2.0.0.202105311346/tools/bin/../lib/gcc/arm-none-eabi/9.3.1/thumb/v7e-m+fp/hard/crtn.o
OUTPUT(canhacker32f4disco.elf elf32-littlearm)
LOAD linker stubs
LOAD e:/st/stm32cubeide_1.8.0/stm32cubeide/plugins/com.st.stm32cube.ide.mcu.externaltools.gnu-tools-for-stm32.9-2020-q2-update.win32_2.0.0.202105311346/tools/bin/../lib/gcc/arm-none-eabi/9.3.1/../../../../arm-none-eabi/lib/thumb/v7e-m+fp/hard\libc.a
LOAD e:/st/stm32cubeide_1.8.0/stm32cubeide/plugins/com.st.stm32cube.ide.mcu.externaltools.gnu-tools-for-stm32.9-2020-q2-update.win32_2.0.0.202105311346/tools/bin/../lib/gcc/arm-none-eabi/9.3.1/../../../../arm-none-eabi/lib/thumb/v7e-m+fp/hard\libm.a
LOAD e:/st/stm32cubeide_1.8.0/stm32cubeide/plugins/com.st.stm32cube.ide.mcu.externaltools.gnu-tools-for-stm32.9-2020-q2-update.win32_2.0.0.202105311346/tools/bin/../lib/gcc/arm-none-eabi/9.3.1/thumb/v7e-m+fp/hard\libgcc.a

.debug_info     0x0000000000000000    0x1b1ba
 .debug_info    0x0000000000000000      0xb51 ./Core/Src/can.o
 .debug_info    0x0000000000000b51      0x54c ./Core/Src/gpio.o
 .debug_info    0x000000000000109d     0x2270 ./Core/Src/main.o
 .debug_info    0x000000000000330d      0x394 ./Core/Src/stm32f4xx_hal_msp.o
 .debug_info    0x00000000000036a1      0xac6 ./Core/Src/stm32f4xx_it.o
 .debug_info    0x0000000000004167      0xa25 ./Core/Src/sysmem.o
 .debug_info    0x0000000000004b8c      0x5a4 ./Core/Src/system_stm32f4xx.o
 .debug_info    0x0000000000005130      0xa63 ./Core/Src/tim.o
 .debug_info    0x0000000000005b93       0x22 ./Core/Startup/startup_stm32f407vgtx.o
 .debug_info    0x0000000000005bb5      0x9b2 ./Drivers/STM32F4xx_HAL_Driver/Src/stm32f4xx_hal.o
 .debug_info    0x0000000000006567     0x108c ./Drivers/STM32F4xx_HAL_Driver/Src/stm32f4xx_hal_can.o
 .debug_info    0x00000000000075f3      0xed7 ./Drivers/STM32F4xx_HAL_Driver/Src/stm32f4xx_hal_cortex.o
 .debug_info    0x00000000000084ca      0x83e ./Drivers/STM32F4xx_HAL_Driver/Src/stm32f4xx_hal_gpio.o
 .debug_info    0x0000000000008d08     0x12dd ./Drivers/STM32F4xx_HAL_Driver/Src/stm32f4xx_hal_pcd.o
 .debug_info    0x0000000000009fe5      0x7c3 ./Drivers/STM32F4xx_HAL_Driver/Src/stm32f4xx_hal_pcd_ex.o
 .debug_info    0x000000000000a7a8      0x996 ./Drivers/STM32F4xx_HAL_Driver/Src/stm32f4xx_hal_rcc.o
 .debug_info    0x000000000000b13e     0x2c22 ./Drivers/STM32F4xx_HAL_Driver/Src/stm32f4xx_hal_tim.o
 .debug_info    0x000000000000dd60     0x15a2 ./Drivers/STM32F4xx_HAL_Driver/Src/stm32f4xx_hal_tim_ex.o
 .debug_info    0x000000000000f302     0x1ab4 ./Drivers/STM32F4xx_HAL_Driver/Src/stm32f4xx_ll_usb.o
 .debug_info    0x0000000000010db6     0x198b ./Middlewares/ST/STM32_USB_Device_Library/Class/CDC/Src/usbd_cdc.o
 .debug_info    0x0000000000012741     0x13a7 ./Middlewares/ST/STM32_USB_Device_Library/Core/Src/usbd_core.o
 .debug_info    0x0000000000013ae8     0x1373 ./Middlewares/ST/STM32_USB_Device_Library/Core/Src/usbd_ctlreq.o
 .debug_info    0x0000000000014e5b     0x1095 ./Middlewares/ST/STM32_USB_Device_Library/Core/Src/usbd_ioreq.o
 .debug_info    0x0000000000015ef0      0xffe ./USB_DEVICE/App/usb_device.o
 .debug_info    0x0000000000016eee     0x122f ./USB_DEVICE/App/usbd_cdc_if.o
 .debug_info    0x000000000001811d      0xdfa ./USB_DEVICE/App/usbd_desc.o
 .debug_info    0x0000000000018f17     0x22a3 ./USB_DEVICE/Target/usbd_conf.o

.debug_abbrev   0x0000000000000000     0x3bb8
 .debug_abbrev  0x0000000000000000      0x1de ./Core/Src/can.o
 .debug_abbrev  0x00000000000001de      0x14e ./Core/Src/gpio.o
 .debug_abbrev  0x000000000000032c      0x367 ./Core/Src/main.o
 .debug_abbrev  0x0000000000000693      0x11d ./Core/Src/stm32f4xx_hal_msp.o
 .debug_abbrev  0x00000000000007b0      0x1a6 ./Core/Src/stm32f4xx_it.o
 .debug_abbrev  0x0000000000000956      0x1bf ./Core/Src/sysmem.o
 .debug_abbrev  0x0000000000000b15      0x145 ./Core/Src/system_stm32f4xx.o
 .debug_abbrev  0x0000000000000c5a      0x1b2 ./Core/Src/tim.o
 .debug_abbrev  0x0000000000000e0c       0x12 ./Core/Startup/startup_stm32f407vgtx.o
 .debug_abbrev  0x0000000000000e1e      0x1ed ./Drivers/STM32F4xx_HAL_Driver/Src/stm32f4xx_hal.o
 .debug_abbrev  0x000000000000100b      0x246 ./Drivers/STM32F4xx_HAL_Driver/Src/stm32f4xx_hal_can.o
 .debug_abbrev  0x0000000000001251      0x33c ./Drivers/STM32F4xx_HAL_Driver/Src/stm32f4xx_hal_cortex.o
 .debug_abbrev  0x000000000000158d      0x1f1 ./Drivers/STM32F4xx_HAL_Driver/Src/stm32f4xx_hal_gpio.o
 .debug_abbrev  0x000000000000177e      0x2a0 ./Drivers/STM32F4xx_HAL_Driver/Src/stm32f4xx_hal_pcd.o
 .debug_abbrev  0x0000000000001a1e      0x1fb ./Drivers/STM32F4xx_HAL_Driver/Src/stm32f4xx_hal_pcd_ex.o
 .debug_abbrev  0x0000000000001c19      0x275 ./Drivers/STM32F4xx_HAL_Driver/Src/stm32f4xx_hal_rcc.o
 .debug_abbrev  0x0000000000001e8e      0x25e ./Drivers/STM32F4xx_HAL_Driver/Src/stm32f4xx_hal_tim.o